Archive member included to satisfy reference by file (symbol)

C:/IFX_EMBEDDED_SYSTEMS/softwares/Arm GNU Toolchain arm-none-eabi/13.2 Rel1/bin/../lib/gcc/arm-none-eabi/13.2.1/thumb/v6-m/nofp\libc_nano.a(libc_a-errno.o)
                              ./Libc_Device_Support/syscalls.o (__errno)
C:/IFX_EMBEDDED_SYSTEMS/softwares/Arm GNU Toolchain arm-none-eabi/13.2 Rel1/bin/../lib/gcc/arm-none-eabi/13.2.1/thumb/v6-m/nofp\libc_nano.a(libc_a-init.o)
                              ./Startup/startup.o (__libc_init_array)
C:/IFX_EMBEDDED_SYSTEMS/softwares/Arm GNU Toolchain arm-none-eabi/13.2 Rel1/bin/../lib/gcc/arm-none-eabi/13.2.1/thumb/v6-m/nofp\libc_nano.a(libc_a-impure.o)
                              C:/IFX_EMBEDDED_SYSTEMS/softwares/Arm GNU Toolchain arm-none-eabi/13.2 Rel1/bin/../lib/gcc/arm-none-eabi/13.2.1/thumb/v6-m/nofp\libc_nano.a(libc_a-errno.o) (_impure_ptr)

Discarded input sections

 .data          0x00000000        0x0 ./Application_Source/main.o
 .data          0x00000000        0x0 ./Device_Drivers/GPIO/gpio.o
 .bss           0x00000000        0x0 ./Device_Drivers/GPIO/gpio.o
 .data          0x00000000        0x0 ./Device_Drivers/CLOCK/peri_clock.o
 .bss           0x00000000        0x0 ./Device_Drivers/CLOCK/peri_clock.o
 .text          0x00000000       0x68 ./Device_Drivers/SYSTICK/systick.o
 .data          0x00000000        0x0 ./Device_Drivers/SYSTICK/systick.o
 .bss           0x00000000        0x0 ./Device_Drivers/SYSTICK/systick.o
 .debug_info    0x00000000       0xda ./Device_Drivers/SYSTICK/systick.o
 .debug_abbrev  0x00000000       0x90 ./Device_Drivers/SYSTICK/systick.o
 .debug_aranges
                0x00000000       0x20 ./Device_Drivers/SYSTICK/systick.o
 .debug_line    0x00000000      0x175 ./Device_Drivers/SYSTICK/systick.o
 .debug_str     0x00000000      0x1a6 ./Device_Drivers/SYSTICK/systick.o
 .comment       0x00000000       0x45 ./Device_Drivers/SYSTICK/systick.o
 .debug_frame   0x00000000       0x50 ./Device_Drivers/SYSTICK/systick.o
 .ARM.attributes
                0x00000000       0x2c ./Device_Drivers/SYSTICK/systick.o
 .text          0x00000000      0x25c ./Device_Drivers/TIMER/tcpwm.o
 .data          0x00000000        0x0 ./Device_Drivers/TIMER/tcpwm.o
 .bss           0x00000000        0x0 ./Device_Drivers/TIMER/tcpwm.o
 .debug_info    0x00000000      0x3ed ./Device_Drivers/TIMER/tcpwm.o
 .debug_abbrev  0x00000000      0x132 ./Device_Drivers/TIMER/tcpwm.o
 .debug_aranges
                0x00000000       0x20 ./Device_Drivers/TIMER/tcpwm.o
 .debug_line    0x00000000      0x253 ./Device_Drivers/TIMER/tcpwm.o
 .debug_str     0x00000000      0x2e6 ./Device_Drivers/TIMER/tcpwm.o
 .comment       0x00000000       0x45 ./Device_Drivers/TIMER/tcpwm.o
 .debug_frame   0x00000000      0x110 ./Device_Drivers/TIMER/tcpwm.o
 .ARM.attributes
                0x00000000       0x2c ./Device_Drivers/TIMER/tcpwm.o
 .data          0x00000000        0x0 ./Device_Drivers/IRQ/irq_mgmt.o
 .bss           0x00000000        0x0 ./Device_Drivers/IRQ/irq_mgmt.o
 .data          0x00000000        0x0 ./Device_Drivers/ADC/adc.o
 .bss           0x00000000        0x0 ./Device_Drivers/ADC/adc.o
 .text          0x00000000        0xa ./Libc_Device_Support/malloc_support.o
 .data          0x00000000        0x0 ./Libc_Device_Support/malloc_support.o
 .bss           0x00000000        0x0 ./Libc_Device_Support/malloc_support.o
 .debug_info    0x00000000       0x39 ./Libc_Device_Support/malloc_support.o
 .debug_abbrev  0x00000000       0x2d ./Libc_Device_Support/malloc_support.o
 .debug_aranges
                0x00000000       0x20 ./Libc_Device_Support/malloc_support.o
 .debug_line    0x00000000       0x5a ./Libc_Device_Support/malloc_support.o
 .debug_str     0x00000000       0xdf ./Libc_Device_Support/malloc_support.o
 .comment       0x00000000       0x45 ./Libc_Device_Support/malloc_support.o
 .debug_frame   0x00000000       0x2c ./Libc_Device_Support/malloc_support.o
 .ARM.attributes
                0x00000000       0x2c ./Libc_Device_Support/malloc_support.o
 .text          0x00000000        0xa ./Libc_Device_Support/printf_support.o
 .data          0x00000000        0x0 ./Libc_Device_Support/printf_support.o
 .bss           0x00000000        0x0 ./Libc_Device_Support/printf_support.o
 .debug_info    0x00000000       0x39 ./Libc_Device_Support/printf_support.o
 .debug_abbrev  0x00000000       0x2d ./Libc_Device_Support/printf_support.o
 .debug_aranges
                0x00000000       0x20 ./Libc_Device_Support/printf_support.o
 .debug_line    0x00000000       0x5a ./Libc_Device_Support/printf_support.o
 .debug_str     0x00000000       0xdf ./Libc_Device_Support/printf_support.o
 .comment       0x00000000       0x45 ./Libc_Device_Support/printf_support.o
 .debug_frame   0x00000000       0x2c ./Libc_Device_Support/printf_support.o
 .ARM.attributes
                0x00000000       0x2c ./Libc_Device_Support/printf_support.o
 .text          0x00000000      0x294 ./Libc_Device_Support/syscalls.o
 .data          0x00000000        0x4 ./Libc_Device_Support/syscalls.o
 .bss           0x00000000        0x8 ./Libc_Device_Support/syscalls.o
 .debug_info    0x00000000      0x711 ./Libc_Device_Support/syscalls.o
 .debug_abbrev  0x00000000      0x1c8 ./Libc_Device_Support/syscalls.o
 .debug_aranges
                0x00000000       0x20 ./Libc_Device_Support/syscalls.o
 .debug_line    0x00000000      0x2d7 ./Libc_Device_Support/syscalls.o
 .debug_str     0x00000000      0x3fa ./Libc_Device_Support/syscalls.o
 .comment       0x00000000       0x45 ./Libc_Device_Support/syscalls.o
 .debug_frame   0x00000000      0x264 ./Libc_Device_Support/syscalls.o
 .ARM.attributes
                0x00000000       0x2c ./Libc_Device_Support/syscalls.o
 .text          0x00000000       0x14 ./Special_Libraries/dsplib.o
 .data          0x00000000        0x0 ./Special_Libraries/dsplib.o
 .bss           0x00000000        0x0 ./Special_Libraries/dsplib.o
 .debug_info    0x00000000       0x47 ./Special_Libraries/dsplib.o
 .debug_abbrev  0x00000000       0x2f ./Special_Libraries/dsplib.o
 .debug_aranges
                0x00000000       0x20 ./Special_Libraries/dsplib.o
 .debug_line    0x00000000       0x56 ./Special_Libraries/dsplib.o
 .debug_str     0x00000000       0xd8 ./Special_Libraries/dsplib.o
 .comment       0x00000000       0x45 ./Special_Libraries/dsplib.o
 .debug_frame   0x00000000       0x48 ./Special_Libraries/dsplib.o
 .ARM.attributes
                0x00000000       0x2c ./Special_Libraries/dsplib.o
 .text          0x00000000       0x54 ./Special_Libraries/reset.o
 .data          0x00000000        0x0 ./Special_Libraries/reset.o
 .bss           0x00000000        0x0 ./Special_Libraries/reset.o
 .debug_info    0x00000000       0xd0 ./Special_Libraries/reset.o
 .debug_abbrev  0x00000000       0x91 ./Special_Libraries/reset.o
 .debug_aranges
                0x00000000       0x20 ./Special_Libraries/reset.o
 .debug_line    0x00000000      0x169 ./Special_Libraries/reset.o
 .debug_str     0x00000000      0x197 ./Special_Libraries/reset.o
 .comment       0x00000000       0x45 ./Special_Libraries/reset.o
 .debug_frame   0x00000000       0x4c ./Special_Libraries/reset.o
 .ARM.attributes
                0x00000000       0x2c ./Special_Libraries/reset.o
 .data          0x00000000        0x0 ./Startup/startup.o
 .bss           0x00000000        0x0 ./Startup/startup.o
 .text          0x00000000        0x0 C:/IFX_EMBEDDED_SYSTEMS/softwares/Arm GNU Toolchain arm-none-eabi/13.2 Rel1/bin/../lib/gcc/arm-none-eabi/13.2.1/thumb/v6-m/nofp\libc_nano.a(libc_a-errno.o)
 .data          0x00000000        0x0 C:/IFX_EMBEDDED_SYSTEMS/softwares/Arm GNU Toolchain arm-none-eabi/13.2 Rel1/bin/../lib/gcc/arm-none-eabi/13.2.1/thumb/v6-m/nofp\libc_nano.a(libc_a-errno.o)
 .bss           0x00000000        0x0 C:/IFX_EMBEDDED_SYSTEMS/softwares/Arm GNU Toolchain arm-none-eabi/13.2 Rel1/bin/../lib/gcc/arm-none-eabi/13.2.1/thumb/v6-m/nofp\libc_nano.a(libc_a-errno.o)
 .text.__errno  0x00000000        0xc C:/IFX_EMBEDDED_SYSTEMS/softwares/Arm GNU Toolchain arm-none-eabi/13.2 Rel1/bin/../lib/gcc/arm-none-eabi/13.2.1/thumb/v6-m/nofp\libc_nano.a(libc_a-errno.o)
 .debug_frame   0x00000000       0x20 C:/IFX_EMBEDDED_SYSTEMS/softwares/Arm GNU Toolchain arm-none-eabi/13.2 Rel1/bin/../lib/gcc/arm-none-eabi/13.2.1/thumb/v6-m/nofp\libc_nano.a(libc_a-errno.o)
 .ARM.attributes
                0x00000000       0x2c C:/IFX_EMBEDDED_SYSTEMS/softwares/Arm GNU Toolchain arm-none-eabi/13.2 Rel1/bin/../lib/gcc/arm-none-eabi/13.2.1/thumb/v6-m/nofp\libc_nano.a(libc_a-errno.o)
 .text          0x00000000        0x0 C:/IFX_EMBEDDED_SYSTEMS/softwares/Arm GNU Toolchain arm-none-eabi/13.2 Rel1/bin/../lib/gcc/arm-none-eabi/13.2.1/thumb/v6-m/nofp\libc_nano.a(libc_a-init.o)
 .data          0x00000000        0x0 C:/IFX_EMBEDDED_SYSTEMS/softwares/Arm GNU Toolchain arm-none-eabi/13.2 Rel1/bin/../lib/gcc/arm-none-eabi/13.2.1/thumb/v6-m/nofp\libc_nano.a(libc_a-init.o)
 .bss           0x00000000        0x0 C:/IFX_EMBEDDED_SYSTEMS/softwares/Arm GNU Toolchain arm-none-eabi/13.2 Rel1/bin/../lib/gcc/arm-none-eabi/13.2.1/thumb/v6-m/nofp\libc_nano.a(libc_a-init.o)
 .text          0x00000000        0x0 C:/IFX_EMBEDDED_SYSTEMS/softwares/Arm GNU Toolchain arm-none-eabi/13.2 Rel1/bin/../lib/gcc/arm-none-eabi/13.2.1/thumb/v6-m/nofp\libc_nano.a(libc_a-impure.o)
 .data          0x00000000        0x0 C:/IFX_EMBEDDED_SYSTEMS/softwares/Arm GNU Toolchain arm-none-eabi/13.2 Rel1/bin/../lib/gcc/arm-none-eabi/13.2.1/thumb/v6-m/nofp\libc_nano.a(libc_a-impure.o)
 .bss           0x00000000        0x0 C:/IFX_EMBEDDED_SYSTEMS/softwares/Arm GNU Toolchain arm-none-eabi/13.2 Rel1/bin/../lib/gcc/arm-none-eabi/13.2.1/thumb/v6-m/nofp\libc_nano.a(libc_a-impure.o)
 .data._impure_ptr
                0x00000000        0x4 C:/IFX_EMBEDDED_SYSTEMS/softwares/Arm GNU Toolchain arm-none-eabi/13.2 Rel1/bin/../lib/gcc/arm-none-eabi/13.2.1/thumb/v6-m/nofp\libc_nano.a(libc_a-impure.o)
 .data._impure_data
                0x00000000       0x4c C:/IFX_EMBEDDED_SYSTEMS/softwares/Arm GNU Toolchain arm-none-eabi/13.2 Rel1/bin/../lib/gcc/arm-none-eabi/13.2.1/thumb/v6-m/nofp\libc_nano.a(libc_a-impure.o)
 .ARM.attributes
                0x00000000       0x2c C:/IFX_EMBEDDED_SYSTEMS/softwares/Arm GNU Toolchain arm-none-eabi/13.2 Rel1/bin/../lib/gcc/arm-none-eabi/13.2.1/thumb/v6-m/nofp\libc_nano.a(libc_a-impure.o)

Memory Configuration

Name             Origin             Length             Attributes
FLASH            0x00000000         0x00020000         xr
RAM              0x20000000         0x00004000         xrw
*default*        0x00000000         0xffffffff

Linker script and memory map

LOAD ./Application_Source/main.o
LOAD ./Device_Drivers/GPIO/gpio.o
LOAD ./Device_Drivers/CLOCK/peri_clock.o
LOAD ./Device_Drivers/SYSTICK/systick.o
LOAD ./Device_Drivers/TIMER/tcpwm.o
LOAD ./Device_Drivers/IRQ/irq_mgmt.o
LOAD ./Device_Drivers/ADC/adc.o
LOAD ./Libc_Device_Support/malloc_support.o
LOAD ./Libc_Device_Support/printf_support.o
LOAD ./Libc_Device_Support/syscalls.o
LOAD ./Special_Libraries/dsplib.o
LOAD ./Special_Libraries/reset.o
LOAD ./Startup/startup.o
START GROUP
LOAD C:/IFX_EMBEDDED_SYSTEMS/softwares/Arm GNU Toolchain arm-none-eabi/13.2 Rel1/bin/../lib/gcc/arm-none-eabi/13.2.1/thumb/v6-m/nofp\libgcc.a
LOAD C:/IFX_EMBEDDED_SYSTEMS/softwares/Arm GNU Toolchain arm-none-eabi/13.2 Rel1/bin/../lib/gcc/arm-none-eabi/13.2.1/thumb/v6-m/nofp\libc_nano.a
END GROUP
START GROUP
LOAD C:/IFX_EMBEDDED_SYSTEMS/softwares/Arm GNU Toolchain arm-none-eabi/13.2 Rel1/bin/../lib/gcc/arm-none-eabi/13.2.1/thumb/v6-m/nofp\libgcc.a
LOAD C:/IFX_EMBEDDED_SYSTEMS/softwares/Arm GNU Toolchain arm-none-eabi/13.2 Rel1/bin/../lib/gcc/arm-none-eabi/13.2.1/thumb/v6-m/nofp\libc_nano.a
LOAD C:/IFX_EMBEDDED_SYSTEMS/softwares/Arm GNU Toolchain arm-none-eabi/13.2 Rel1/bin/../lib/gcc/arm-none-eabi/13.2.1/thumb/v6-m/nofp\libnosys.a
END GROUP
START GROUP
LOAD C:/IFX_EMBEDDED_SYSTEMS/softwares/Arm GNU Toolchain arm-none-eabi/13.2 Rel1/bin/../lib/gcc/arm-none-eabi/13.2.1/thumb/v6-m/nofp\libgcc.a
LOAD C:/IFX_EMBEDDED_SYSTEMS/softwares/Arm GNU Toolchain arm-none-eabi/13.2 Rel1/bin/../lib/gcc/arm-none-eabi/13.2.1/thumb/v6-m/nofp\libc_nano.a
LOAD C:/IFX_EMBEDDED_SYSTEMS/softwares/Arm GNU Toolchain arm-none-eabi/13.2 Rel1/bin/../lib/gcc/arm-none-eabi/13.2.1/thumb/v6-m/nofp\libnosys.a
END GROUP
                0x00000000                        __FLASH_START = 0x0
                0x00020000                        __FLASH_SIZE = 0x20000
                0x20000000                        __RAM_START = 0x20000000
                0x00004000                        __RAM_SIZE = 0x4000
                0x00001000                        __STACK_SIZE = 0x1000
                0x00000200                        __HEAP_SIZE = 0x200
                0x20004000                        __STACK_START = (__RAM_START + __RAM_SIZE)
                0x20003000                        __STACK_END = (__STACK_START - __STACK_SIZE)
                0x20002e00                        __HEAP_START = (__STACK_END - __HEAP_SIZE)
                0x20003000                        __HEAP_END = __STACK_END

.text           0x00000000      0xa64
 *(.isr_vector)
 .isr_vector    0x00000000       0xc0 ./Startup/startup.o
                0x00000000                vector
 *(.user_irq_hdlr)
 *(.text*)
 .text          0x000000c0      0x1a0 ./Application_Source/main.o
                0x000000c0                main
                0x000001f8                Delay
                0x00000232                init_peri_Clock_Config
 .text          0x00000260      0x2e4 ./Device_Drivers/GPIO/gpio.o
                0x00000260                GPIO_Set
                0x00000294                GPIO_Clr
                0x000002c8                GPIO_Inv
                0x000002fc                GPIO_Read
                0x00000334                GPIO_SetDrivemode
                0x000003b4                GPIO_SetHSIOM
                0x00000430                GPIO_SetInterruptEdge
                0x00000488                GPIO_Pin_Init
                0x00000508                GPIO_ClearInterrupt
 .text          0x00000544      0x10c ./Device_Drivers/CLOCK/peri_clock.o
                0x00000544                PeriClock_DisableDivider
                0x0000058c                PeriClock_EnableDivider
                0x000005d4                PeriClock_Set_16_Divider
                0x000005fc                PeriClock_AssignDivider
 .text          0x00000650      0x104 ./Device_Drivers/IRQ/irq_mgmt.o
                0x00000650                IRQ_EnableGlobal
                0x0000065c                IRQ_DisableGlobal
                0x00000668                NVIC_SetPriority
                0x000006c8                NVIC_ClearPendingIRQ
                0x000006f4                NVIC_EnableIRQ
                0x00000720                NVIC_DisableIRQ
 .text          0x00000754      0x20c ./Device_Drivers/ADC/adc.o
                0x00000754                ADC_Init
                0x000007f0                ADC_Read
                0x0000083c                ADC_StartConversion
                0x00000850                ADC_ChannelConfig
                0x00000900                ADC_ChannelEnable
                0x00000930                ADC_ChannelDisable
 .text          0x00000960       0xb0 ./Startup/startup.o
                0x00000960                _init
                0x0000096a                Reset_handler
                0x00000a00                tcpwm_interrupts_7_IRQHandler
                0x00000a00                pass_0_interrupt_sar_IRQHandler
                0x00000a00                SysTick_Handler
                0x00000a00                PendSV_Handler
                0x00000a00                NMI_Handler
                0x00000a00                ioss_interrupts_gpio_1_IRQHandler
                0x00000a00                cpuss_interrupt_dma_IRQHandler
                0x00000a00                scb_4_interrupt_IRQHandler
                0x00000a00                ioss_interrupts_gpio_2_IRQHandler
                0x00000a00                can_interrupt_can_IRQHandler
                0x00000a00                tcpwm_interrupts_4_IRQHandler
                0x00000a00                cpuss_interrupt_spcif_IRQHandler
                0x00000a00                scb_0_interrupt_IRQHandler
                0x00000a00                tcpwm_interrupts_3_IRQHandler
                0x00000a00                csd_interrupt_IRQHandler
                0x00000a00                tcpwm_interrupts_1_IRQHandler
                0x00000a00                lpcomp_interrupt_IRQHandler
                0x00000a00                crypto_interrupt_IRQHandler
                0x00000a00                tcpwm_interrupts_6_IRQHandler
                0x00000a00                ioss_interrupt_gpio_IRQHandler
                0x00000a00                scb_2_interrupt_IRQHandler
                0x00000a00                scb_1_interrupt_IRQHandler
                0x00000a00                Default_Handler
                0x00000a00                scb_3_interrupt_IRQHandler
                0x00000a00                ioss_interrupts_gpio_3_IRQHandler
                0x00000a00                ioss_interrupts_gpio_0_IRQHandler
                0x00000a00                tcpwm_interrupts_0_IRQHandler
                0x00000a00                SVC_Handler
                0x00000a00                tcpwm_interrupts_2_IRQHandler
                0x00000a00                tcpwm_interrupts_5_IRQHandler
                0x00000a00                srss_interrupt_wdt_IRQHandler
                0x00000a00                pass_0_interrupt_ctbs_IRQHandler
                0x00000a00                wco_interrupt_IRQHandler
                0x00000a08                HRDFLT_Handler
                0x00000a08                HardFault_Handler
 .text.__libc_init_array
                0x00000a10       0x48 C:/IFX_EMBEDDED_SYSTEMS/softwares/Arm GNU Toolchain arm-none-eabi/13.2 Rel1/bin/../lib/gcc/arm-none-eabi/13.2.1/thumb/v6-m/nofp\libc_nano.a(libc_a-init.o)
                0x00000a10                __libc_init_array
 *(.init*)
 *(.fini*)
                0x00000a58                        . = ALIGN (0x4)
 *(.rodata .rodata.*)
 .rodata        0x00000a58        0xc ./Application_Source/main.o
                0x00000a58                LED_config
                0x00000a64                        . = ALIGN (0x4)
                0x00000a64                        __etext = .
                0x00000a64                        _la_data = LOADADDR (.data)

.glue_7         0x00000a64        0x0
 .glue_7        0x00000a64        0x0 linker stubs

.glue_7t        0x00000a64        0x0
 .glue_7t       0x00000a64        0x0 linker stubs

.vfp11_veneer   0x00000a64        0x0
 .vfp11_veneer  0x00000a64        0x0 linker stubs

.v4_bx          0x00000a64        0x0
 .v4_bx         0x00000a64        0x0 linker stubs

.iplt           0x00000a64        0x0
 .iplt          0x00000a64        0x0 ./Application_Source/main.o

.rel.dyn        0x00000a64        0x0
 .rel.iplt      0x00000a64        0x0 ./Application_Source/main.o

.data           0x20000000        0x0 load address 0x00000a64
                0x20000000                        __data_start = .
 *(.data*)
                0x20000000                        . = ALIGN (0x4)
                0x20000000                        __data_end = .

.igot.plt       0x20000000        0x0 load address 0x00000a64
 .igot.plt      0x20000000        0x0 ./Application_Source/main.o

.bss            0x20000000        0x8 load address 0x00000a64
                0x20000000                        __bss_start__ = .
 *(.bss)
 .bss           0x20000000        0x6 ./Application_Source/main.o
                0x20000000                chanresult
                0x20000002                chanresult1
                0x20000004                chanresult2
 *(.bss.*)
 *(COMMON)
                0x20000008                        . = ALIGN (0x4)
 *fill*         0x20000006        0x2 
                0x20000008                        __bss_end__ = .
                0x20000008                        . = ALIGN (0x4)
                0x20000008                        end = .
                0x20000008                        __end__ = .

Heap            0x20000008     0x2df8 load address 0x00000a64
                0x20002e00                        . = ABSOLUTE (__HEAP_START)
 *fill*         0x20000008     0x2df8 
 *(.heap)
                0x20002e00                        . = ALIGN (0x4)

Stack           0x20002e00      0x200 load address 0x00000a64
                0x20003000                        . = ABSOLUTE (__STACK_END)
 *fill*         0x20002e00      0x200 
 *(.stack)
OUTPUT(bin/BareMetal.elf elf32-littlearm)
LOAD linker stubs

.debug_info     0x00000000     0x140f
 .debug_info    0x00000000      0x2fc ./Application_Source/main.o
 .debug_info    0x000002fc      0x4fb ./Device_Drivers/GPIO/gpio.o
 .debug_info    0x000007f7      0x2d1 ./Device_Drivers/CLOCK/peri_clock.o
 .debug_info    0x00000ac8      0x233 ./Device_Drivers/IRQ/irq_mgmt.o
 .debug_info    0x00000cfb      0x575 ./Device_Drivers/ADC/adc.o
 .debug_info    0x00001270      0x19f ./Startup/startup.o

.debug_abbrev   0x00000000      0x6a7
 .debug_abbrev  0x00000000      0x151 ./Application_Source/main.o
 .debug_abbrev  0x00000151      0x13c ./Device_Drivers/GPIO/gpio.o
 .debug_abbrev  0x0000028d       0xe0 ./Device_Drivers/CLOCK/peri_clock.o
 .debug_abbrev  0x0000036d       0xfa ./Device_Drivers/IRQ/irq_mgmt.o
 .debug_abbrev  0x00000467      0x127 ./Device_Drivers/ADC/adc.o
 .debug_abbrev  0x0000058e      0x119 ./Startup/startup.o

.debug_aranges  0x00000000       0xc0
 .debug_aranges
                0x00000000       0x20 ./Application_Source/main.o
 .debug_aranges
                0x00000020       0x20 ./Device_Drivers/GPIO/gpio.o
 .debug_aranges
                0x00000040       0x20 ./Device_Drivers/CLOCK/peri_clock.o
 .debug_aranges
                0x00000060       0x20 ./Device_Drivers/IRQ/irq_mgmt.o
 .debug_aranges
                0x00000080       0x20 ./Device_Drivers/ADC/adc.o
 .debug_aranges
                0x000000a0       0x20 ./Startup/startup.o

.debug_line     0x00000000      0xc7d
 .debug_line    0x00000000      0x2d3 ./Application_Source/main.o
 .debug_line    0x000002d3      0x25e ./Device_Drivers/GPIO/gpio.o
 .debug_line    0x00000531      0x1b2 ./Device_Drivers/CLOCK/peri_clock.o
 .debug_line    0x000006e3      0x1dc ./Device_Drivers/IRQ/irq_mgmt.o
 .debug_line    0x000008bf      0x218 ./Device_Drivers/ADC/adc.o
 .debug_line    0x00000ad7      0x1a6 ./Startup/startup.o

.debug_str      0x00000000      0x8dd
 .debug_str     0x00000000      0x8dd ./Application_Source/main.o
                                0x2fd (size before relaxing)
 .debug_str     0x000008dd      0x2dc ./Device_Drivers/GPIO/gpio.o
 .debug_str     0x000008dd      0x28a ./Device_Drivers/CLOCK/peri_clock.o
 .debug_str     0x000008dd      0x239 ./Device_Drivers/IRQ/irq_mgmt.o
 .debug_str     0x000008dd      0x4ee ./Device_Drivers/ADC/adc.o
 .debug_str     0x000008dd      0x1f2 ./Startup/startup.o

.comment        0x00000000       0x44
 .comment       0x00000000       0x44 ./Application_Source/main.o
                                 0x45 (size before relaxing)
 .comment       0x00000044       0x45 ./Device_Drivers/GPIO/gpio.o
 .comment       0x00000044       0x45 ./Device_Drivers/CLOCK/peri_clock.o
 .comment       0x00000044       0x45 ./Device_Drivers/IRQ/irq_mgmt.o
 .comment       0x00000044       0x45 ./Device_Drivers/ADC/adc.o
 .comment       0x00000044       0x45 ./Startup/startup.o

.ARM.attributes
                0x00000000       0x2c
 .ARM.attributes
                0x00000000       0x2c ./Application_Source/main.o
 .ARM.attributes
                0x0000002c       0x2c ./Device_Drivers/GPIO/gpio.o
 .ARM.attributes
                0x00000058       0x2c ./Device_Drivers/CLOCK/peri_clock.o
 .ARM.attributes
                0x00000084       0x2c ./Device_Drivers/IRQ/irq_mgmt.o
 .ARM.attributes
                0x000000b0       0x2c ./Device_Drivers/ADC/adc.o
 .ARM.attributes
                0x000000dc       0x2c ./Startup/startup.o
 .ARM.attributes
                0x00000108       0x2c C:/IFX_EMBEDDED_SYSTEMS/softwares/Arm GNU Toolchain arm-none-eabi/13.2 Rel1/bin/../lib/gcc/arm-none-eabi/13.2.1/thumb/v6-m/nofp\libc_nano.a(libc_a-init.o)

.debug_frame    0x00000000      0x478
 .debug_frame   0x00000000       0x6c ./Application_Source/main.o
 .debug_frame   0x0000006c      0x130 ./Device_Drivers/GPIO/gpio.o
 .debug_frame   0x0000019c       0x90 ./Device_Drivers/CLOCK/peri_clock.o
 .debug_frame   0x0000022c       0xc8 ./Device_Drivers/IRQ/irq_mgmt.o
 .debug_frame   0x000002f4       0xd4 ./Device_Drivers/ADC/adc.o
 .debug_frame   0x000003c8       0x84 ./Startup/startup.o
 .debug_frame   0x0000044c       0x2c C:/IFX_EMBEDDED_SYSTEMS/softwares/Arm GNU Toolchain arm-none-eabi/13.2 Rel1/bin/../lib/gcc/arm-none-eabi/13.2.1/thumb/v6-m/nofp\libc_nano.a(libc_a-init.o)
