Archive member included to satisfy reference by file (symbol)

C:/IFX_EMBEDDED_SYSTEMS/softwares/Arm GNU Toolchain arm-none-eabi/13.2 Rel1/bin/../lib/gcc/arm-none-eabi/13.2.1/thumb/v6-m/nofp\libgcc.a(_udivsi3.o)
                              ./Device_Drivers/CLOCK/Sys_Clock.o (__aeabi_uidiv)
C:/IFX_EMBEDDED_SYSTEMS/softwares/Arm GNU Toolchain arm-none-eabi/13.2 Rel1/bin/../lib/gcc/arm-none-eabi/13.2.1/thumb/v6-m/nofp\libgcc.a(_dvmd_tls.o)
                              C:/IFX_EMBEDDED_SYSTEMS/softwares/Arm GNU Toolchain arm-none-eabi/13.2 Rel1/bin/../lib/gcc/arm-none-eabi/13.2.1/thumb/v6-m/nofp\libgcc.a(_udivsi3.o) (__aeabi_idiv0)
C:/IFX_EMBEDDED_SYSTEMS/softwares/Arm GNU Toolchain arm-none-eabi/13.2 Rel1/bin/../lib/gcc/arm-none-eabi/13.2.1/thumb/v6-m/nofp\libc_nano.a(libc_a-errno.o)
                              ./Libc_Device_Support/syscalls.o (__errno)
C:/IFX_EMBEDDED_SYSTEMS/softwares/Arm GNU Toolchain arm-none-eabi/13.2 Rel1/bin/../lib/gcc/arm-none-eabi/13.2.1/thumb/v6-m/nofp\libc_nano.a(libc_a-init.o)
                              ./Startup/startup.o (__libc_init_array)
C:/IFX_EMBEDDED_SYSTEMS/softwares/Arm GNU Toolchain arm-none-eabi/13.2 Rel1/bin/../lib/gcc/arm-none-eabi/13.2.1/thumb/v6-m/nofp\libc_nano.a(libc_a-impure.o)
                              C:/IFX_EMBEDDED_SYSTEMS/softwares/Arm GNU Toolchain arm-none-eabi/13.2 Rel1/bin/../lib/gcc/arm-none-eabi/13.2.1/thumb/v6-m/nofp\libc_nano.a(libc_a-errno.o) (_impure_ptr)

Discarded input sections

 .data          0x00000000        0x0 ./Application_Source/main.o
 .bss           0x00000000        0x0 ./Application_Source/main.o
 .data          0x00000000        0x0 ./Device_Drivers/GPIO/gpio.o
 .bss           0x00000000        0x0 ./Device_Drivers/GPIO/gpio.o
 .data          0x00000000        0x0 ./Device_Drivers/CLOCK/Sys_Clock.o
 .bss           0x00000000        0x0 ./Device_Drivers/CLOCK/Sys_Clock.o
 .text          0x00000000       0x68 ./Device_Drivers/SYSTICK/systick.o
 .data          0x00000000        0x0 ./Device_Drivers/SYSTICK/systick.o
 .bss           0x00000000        0x0 ./Device_Drivers/SYSTICK/systick.o
 .debug_info    0x00000000       0xda ./Device_Drivers/SYSTICK/systick.o
 .debug_abbrev  0x00000000       0x90 ./Device_Drivers/SYSTICK/systick.o
 .debug_aranges
                0x00000000       0x20 ./Device_Drivers/SYSTICK/systick.o
 .debug_line    0x00000000      0x175 ./Device_Drivers/SYSTICK/systick.o
 .debug_str     0x00000000      0x1be ./Device_Drivers/SYSTICK/systick.o
 .comment       0x00000000       0x45 ./Device_Drivers/SYSTICK/systick.o
 .debug_frame   0x00000000       0x50 ./Device_Drivers/SYSTICK/systick.o
 .ARM.attributes
                0x00000000       0x2c ./Device_Drivers/SYSTICK/systick.o
 .data          0x00000000        0x0 ./Device_Drivers/TIMER/tcpwm.o
 .bss           0x00000000        0x0 ./Device_Drivers/TIMER/tcpwm.o
 .data          0x00000000        0x0 ./Device_Drivers/IRQ/irq_mgmt.o
 .bss           0x00000000        0x0 ./Device_Drivers/IRQ/irq_mgmt.o
 .text          0x00000000        0xa ./Libc_Device_Support/malloc_support.o
 .data          0x00000000        0x0 ./Libc_Device_Support/malloc_support.o
 .bss           0x00000000        0x0 ./Libc_Device_Support/malloc_support.o
 .debug_info    0x00000000       0x39 ./Libc_Device_Support/malloc_support.o
 .debug_abbrev  0x00000000       0x2d ./Libc_Device_Support/malloc_support.o
 .debug_aranges
                0x00000000       0x20 ./Libc_Device_Support/malloc_support.o
 .debug_line    0x00000000       0x5a ./Libc_Device_Support/malloc_support.o
 .debug_str     0x00000000       0xf7 ./Libc_Device_Support/malloc_support.o
 .comment       0x00000000       0x45 ./Libc_Device_Support/malloc_support.o
 .debug_frame   0x00000000       0x2c ./Libc_Device_Support/malloc_support.o
 .ARM.attributes
                0x00000000       0x2c ./Libc_Device_Support/malloc_support.o
 .text          0x00000000        0xa ./Libc_Device_Support/printf_support.o
 .data          0x00000000        0x0 ./Libc_Device_Support/printf_support.o
 .bss           0x00000000        0x0 ./Libc_Device_Support/printf_support.o
 .debug_info    0x00000000       0x39 ./Libc_Device_Support/printf_support.o
 .debug_abbrev  0x00000000       0x2d ./Libc_Device_Support/printf_support.o
 .debug_aranges
                0x00000000       0x20 ./Libc_Device_Support/printf_support.o
 .debug_line    0x00000000       0x5a ./Libc_Device_Support/printf_support.o
 .debug_str     0x00000000       0xf7 ./Libc_Device_Support/printf_support.o
 .comment       0x00000000       0x45 ./Libc_Device_Support/printf_support.o
 .debug_frame   0x00000000       0x2c ./Libc_Device_Support/printf_support.o
 .ARM.attributes
                0x00000000       0x2c ./Libc_Device_Support/printf_support.o
 .text          0x00000000      0x294 ./Libc_Device_Support/syscalls.o
 .data          0x00000000        0x4 ./Libc_Device_Support/syscalls.o
 .bss           0x00000000        0x8 ./Libc_Device_Support/syscalls.o
 .debug_info    0x00000000      0x711 ./Libc_Device_Support/syscalls.o
 .debug_abbrev  0x00000000      0x1c8 ./Libc_Device_Support/syscalls.o
 .debug_aranges
                0x00000000       0x20 ./Libc_Device_Support/syscalls.o
 .debug_line    0x00000000      0x2d7 ./Libc_Device_Support/syscalls.o
 .debug_str     0x00000000      0x412 ./Libc_Device_Support/syscalls.o
 .comment       0x00000000       0x45 ./Libc_Device_Support/syscalls.o
 .debug_frame   0x00000000      0x264 ./Libc_Device_Support/syscalls.o
 .ARM.attributes
                0x00000000       0x2c ./Libc_Device_Support/syscalls.o
 .text          0x00000000       0x14 ./Special_Libraries/dsplib.o
 .data          0x00000000        0x0 ./Special_Libraries/dsplib.o
 .bss           0x00000000        0x0 ./Special_Libraries/dsplib.o
 .debug_info    0x00000000       0x47 ./Special_Libraries/dsplib.o
 .debug_abbrev  0x00000000       0x2f ./Special_Libraries/dsplib.o
 .debug_aranges
                0x00000000       0x20 ./Special_Libraries/dsplib.o
 .debug_line    0x00000000       0x56 ./Special_Libraries/dsplib.o
 .debug_str     0x00000000       0xf0 ./Special_Libraries/dsplib.o
 .comment       0x00000000       0x45 ./Special_Libraries/dsplib.o
 .debug_frame   0x00000000       0x48 ./Special_Libraries/dsplib.o
 .ARM.attributes
                0x00000000       0x2c ./Special_Libraries/dsplib.o
 .text          0x00000000       0x54 ./Special_Libraries/reset.o
 .data          0x00000000        0x0 ./Special_Libraries/reset.o
 .bss           0x00000000        0x0 ./Special_Libraries/reset.o
 .debug_info    0x00000000       0xd0 ./Special_Libraries/reset.o
 .debug_abbrev  0x00000000       0x91 ./Special_Libraries/reset.o
 .debug_aranges
                0x00000000       0x20 ./Special_Libraries/reset.o
 .debug_line    0x00000000      0x169 ./Special_Libraries/reset.o
 .debug_str     0x00000000      0x1af ./Special_Libraries/reset.o
 .comment       0x00000000       0x45 ./Special_Libraries/reset.o
 .debug_frame   0x00000000       0x4c ./Special_Libraries/reset.o
 .ARM.attributes
                0x00000000       0x2c ./Special_Libraries/reset.o
 .data          0x00000000        0x0 ./Startup/startup.o
 .bss           0x00000000        0x0 ./Startup/startup.o
 .data          0x00000000        0x0 C:/IFX_EMBEDDED_SYSTEMS/softwares/Arm GNU Toolchain arm-none-eabi/13.2 Rel1/bin/../lib/gcc/arm-none-eabi/13.2.1/thumb/v6-m/nofp\libgcc.a(_udivsi3.o)
 .bss           0x00000000        0x0 C:/IFX_EMBEDDED_SYSTEMS/softwares/Arm GNU Toolchain arm-none-eabi/13.2 Rel1/bin/../lib/gcc/arm-none-eabi/13.2.1/thumb/v6-m/nofp\libgcc.a(_udivsi3.o)
 .data          0x00000000        0x0 C:/IFX_EMBEDDED_SYSTEMS/softwares/Arm GNU Toolchain arm-none-eabi/13.2 Rel1/bin/../lib/gcc/arm-none-eabi/13.2.1/thumb/v6-m/nofp\libgcc.a(_dvmd_tls.o)
 .bss           0x00000000        0x0 C:/IFX_EMBEDDED_SYSTEMS/softwares/Arm GNU Toolchain arm-none-eabi/13.2 Rel1/bin/../lib/gcc/arm-none-eabi/13.2.1/thumb/v6-m/nofp\libgcc.a(_dvmd_tls.o)
 .text          0x00000000        0x0 C:/IFX_EMBEDDED_SYSTEMS/softwares/Arm GNU Toolchain arm-none-eabi/13.2 Rel1/bin/../lib/gcc/arm-none-eabi/13.2.1/thumb/v6-m/nofp\libc_nano.a(libc_a-errno.o)
 .data          0x00000000        0x0 C:/IFX_EMBEDDED_SYSTEMS/softwares/Arm GNU Toolchain arm-none-eabi/13.2 Rel1/bin/../lib/gcc/arm-none-eabi/13.2.1/thumb/v6-m/nofp\libc_nano.a(libc_a-errno.o)
 .bss           0x00000000        0x0 C:/IFX_EMBEDDED_SYSTEMS/softwares/Arm GNU Toolchain arm-none-eabi/13.2 Rel1/bin/../lib/gcc/arm-none-eabi/13.2.1/thumb/v6-m/nofp\libc_nano.a(libc_a-errno.o)
 .text.__errno  0x00000000        0xc C:/IFX_EMBEDDED_SYSTEMS/softwares/Arm GNU Toolchain arm-none-eabi/13.2 Rel1/bin/../lib/gcc/arm-none-eabi/13.2.1/thumb/v6-m/nofp\libc_nano.a(libc_a-errno.o)
 .debug_frame   0x00000000       0x20 C:/IFX_EMBEDDED_SYSTEMS/softwares/Arm GNU Toolchain arm-none-eabi/13.2 Rel1/bin/../lib/gcc/arm-none-eabi/13.2.1/thumb/v6-m/nofp\libc_nano.a(libc_a-errno.o)
 .ARM.attributes
                0x00000000       0x2c C:/IFX_EMBEDDED_SYSTEMS/softwares/Arm GNU Toolchain arm-none-eabi/13.2 Rel1/bin/../lib/gcc/arm-none-eabi/13.2.1/thumb/v6-m/nofp\libc_nano.a(libc_a-errno.o)
 .text          0x00000000        0x0 C:/IFX_EMBEDDED_SYSTEMS/softwares/Arm GNU Toolchain arm-none-eabi/13.2 Rel1/bin/../lib/gcc/arm-none-eabi/13.2.1/thumb/v6-m/nofp\libc_nano.a(libc_a-init.o)
 .data          0x00000000        0x0 C:/IFX_EMBEDDED_SYSTEMS/softwares/Arm GNU Toolchain arm-none-eabi/13.2 Rel1/bin/../lib/gcc/arm-none-eabi/13.2.1/thumb/v6-m/nofp\libc_nano.a(libc_a-init.o)
 .bss           0x00000000        0x0 C:/IFX_EMBEDDED_SYSTEMS/softwares/Arm GNU Toolchain arm-none-eabi/13.2 Rel1/bin/../lib/gcc/arm-none-eabi/13.2.1/thumb/v6-m/nofp\libc_nano.a(libc_a-init.o)
 .text          0x00000000        0x0 C:/IFX_EMBEDDED_SYSTEMS/softwares/Arm GNU Toolchain arm-none-eabi/13.2 Rel1/bin/../lib/gcc/arm-none-eabi/13.2.1/thumb/v6-m/nofp\libc_nano.a(libc_a-impure.o)
 .data          0x00000000        0x0 C:/IFX_EMBEDDED_SYSTEMS/softwares/Arm GNU Toolchain arm-none-eabi/13.2 Rel1/bin/../lib/gcc/arm-none-eabi/13.2.1/thumb/v6-m/nofp\libc_nano.a(libc_a-impure.o)
 .bss           0x00000000        0x0 C:/IFX_EMBEDDED_SYSTEMS/softwares/Arm GNU Toolchain arm-none-eabi/13.2 Rel1/bin/../lib/gcc/arm-none-eabi/13.2.1/thumb/v6-m/nofp\libc_nano.a(libc_a-impure.o)
 .data._impure_ptr
                0x00000000        0x4 C:/IFX_EMBEDDED_SYSTEMS/softwares/Arm GNU Toolchain arm-none-eabi/13.2 Rel1/bin/../lib/gcc/arm-none-eabi/13.2.1/thumb/v6-m/nofp\libc_nano.a(libc_a-impure.o)
 .data._impure_data
                0x00000000       0x4c C:/IFX_EMBEDDED_SYSTEMS/softwares/Arm GNU Toolchain arm-none-eabi/13.2 Rel1/bin/../lib/gcc/arm-none-eabi/13.2.1/thumb/v6-m/nofp\libc_nano.a(libc_a-impure.o)
 .ARM.attributes
                0x00000000       0x2c C:/IFX_EMBEDDED_SYSTEMS/softwares/Arm GNU Toolchain arm-none-eabi/13.2 Rel1/bin/../lib/gcc/arm-none-eabi/13.2.1/thumb/v6-m/nofp\libc_nano.a(libc_a-impure.o)

Memory Configuration

Name             Origin             Length             Attributes
FLASH            0x00000000         0x00020000         xr
RAM              0x20000000         0x00004000         xrw
*default*        0x00000000         0xffffffff

Linker script and memory map

LOAD ./Application_Source/main.o
LOAD ./Device_Drivers/GPIO/gpio.o
LOAD ./Device_Drivers/CLOCK/Sys_Clock.o
LOAD ./Device_Drivers/SYSTICK/systick.o
LOAD ./Device_Drivers/TIMER/tcpwm.o
LOAD ./Device_Drivers/IRQ/irq_mgmt.o
LOAD ./Libc_Device_Support/malloc_support.o
LOAD ./Libc_Device_Support/printf_support.o
LOAD ./Libc_Device_Support/syscalls.o
LOAD ./Special_Libraries/dsplib.o
LOAD ./Special_Libraries/reset.o
LOAD ./Startup/startup.o
START GROUP
LOAD C:/IFX_EMBEDDED_SYSTEMS/softwares/Arm GNU Toolchain arm-none-eabi/13.2 Rel1/bin/../lib/gcc/arm-none-eabi/13.2.1/thumb/v6-m/nofp\libgcc.a
LOAD C:/IFX_EMBEDDED_SYSTEMS/softwares/Arm GNU Toolchain arm-none-eabi/13.2 Rel1/bin/../lib/gcc/arm-none-eabi/13.2.1/thumb/v6-m/nofp\libc_nano.a
END GROUP
START GROUP
LOAD C:/IFX_EMBEDDED_SYSTEMS/softwares/Arm GNU Toolchain arm-none-eabi/13.2 Rel1/bin/../lib/gcc/arm-none-eabi/13.2.1/thumb/v6-m/nofp\libgcc.a
LOAD C:/IFX_EMBEDDED_SYSTEMS/softwares/Arm GNU Toolchain arm-none-eabi/13.2 Rel1/bin/../lib/gcc/arm-none-eabi/13.2.1/thumb/v6-m/nofp\libc_nano.a
LOAD C:/IFX_EMBEDDED_SYSTEMS/softwares/Arm GNU Toolchain arm-none-eabi/13.2 Rel1/bin/../lib/gcc/arm-none-eabi/13.2.1/thumb/v6-m/nofp\libnosys.a
END GROUP
START GROUP
LOAD C:/IFX_EMBEDDED_SYSTEMS/softwares/Arm GNU Toolchain arm-none-eabi/13.2 Rel1/bin/../lib/gcc/arm-none-eabi/13.2.1/thumb/v6-m/nofp\libgcc.a
LOAD C:/IFX_EMBEDDED_SYSTEMS/softwares/Arm GNU Toolchain arm-none-eabi/13.2 Rel1/bin/../lib/gcc/arm-none-eabi/13.2.1/thumb/v6-m/nofp\libc_nano.a
LOAD C:/IFX_EMBEDDED_SYSTEMS/softwares/Arm GNU Toolchain arm-none-eabi/13.2 Rel1/bin/../lib/gcc/arm-none-eabi/13.2.1/thumb/v6-m/nofp\libnosys.a
END GROUP
                0x00000000                        __FLASH_START = 0x0
                0x00020000                        __FLASH_SIZE = 0x20000
                0x20000000                        __RAM_START = 0x20000000
                0x00004000                        __RAM_SIZE = 0x4000
                0x00001000                        __STACK_SIZE = 0x1000
                0x00000200                        __HEAP_SIZE = 0x200
                0x20004000                        __STACK_START = (__RAM_START + __RAM_SIZE)
                0x20003000                        __STACK_END = (__STACK_START - __STACK_SIZE)
                0x20002e00                        __HEAP_START = (__STACK_END - __HEAP_SIZE)
                0x20003000                        __HEAP_END = __STACK_END

.text           0x00000000      0xcb8
 *(.isr_vector)
 .isr_vector    0x00000000       0xc0 ./Startup/startup.o
                0x00000000                vector
 *(.user_irq_hdlr)
 *(.text*)
 .text          0x000000c0      0x100 ./Application_Source/main.o
                0x000000c0                main
                0x00000150                timer_Delay_uS
                0x00000184                init_peri_Clock_Config
 .text          0x000001c0      0x2e4 ./Device_Drivers/GPIO/gpio.o
                0x000001c0                GPIO_Set
                0x000001f4                GPIO_Clr
                0x00000228                GPIO_Inv
                0x0000025c                GPIO_Read
                0x00000294                GPIO_SetDrivemode
                0x00000314                GPIO_SetHSIOM
                0x00000390                GPIO_SetInterruptEdge
                0x000003e8                GPIO_Pin_Init
                0x00000468                GPIO_ClearInterrupt
 .text          0x000004a4      0x288 ./Device_Drivers/CLOCK/Sys_Clock.o
                0x000004a4                SysClk_PeriphDisableDivider
                0x000004dc                SysClk_PeriphSetDivider
                0x0000052c                SysClk_PeriphEnableDivider
                0x00000568                SysClk_PeriphAssignDivider
                0x000005a8                Cy_SysClk_ClkHfSetDivider
                0x000005dc                Cy_SysClk_ImoEnable
                0x000005f4                Cy_SysClk_ImoGetFrequency
                0x00000630                Cy_SysClk_ImoSetFrequency
 .text          0x0000072c      0x25c ./Device_Drivers/TIMER/tcpwm.o
                0x0000072c                TCPWM_Init
                0x000007f4                TCPWM_Enable
                0x00000828                TCPWM_Disable
                0x00000860                TCPWM_Start
                0x00000898                TCPWM_Stop
                0x000008d0                TCPWM_GetCounter
                0x0000090c                TCPWM_SetCounter
                0x00000944                TCPWM_ClearInterrupt
 .text          0x00000988      0x104 ./Device_Drivers/IRQ/irq_mgmt.o
                0x00000988                IRQ_EnableGlobal
                0x00000994                IRQ_DisableGlobal
                0x000009a0                NVIC_SetPriority
                0x00000a00                NVIC_ClearPendingIRQ
                0x00000a2c                NVIC_EnableIRQ
                0x00000a58                NVIC_DisableIRQ
 .text          0x00000a8c       0xb0 ./Startup/startup.o
                0x00000a8c                _init
                0x00000a96                Reset_handler
                0x00000b2c                tcpwm_interrupts_7_IRQHandler
                0x00000b2c                pass_0_interrupt_sar_IRQHandler
                0x00000b2c                SysTick_Handler
                0x00000b2c                PendSV_Handler
                0x00000b2c                NMI_Handler
                0x00000b2c                ioss_interrupts_gpio_1_IRQHandler
                0x00000b2c                cpuss_interrupt_dma_IRQHandler
                0x00000b2c                scb_4_interrupt_IRQHandler
                0x00000b2c                ioss_interrupts_gpio_2_IRQHandler
                0x00000b2c                can_interrupt_can_IRQHandler
                0x00000b2c                tcpwm_interrupts_4_IRQHandler
                0x00000b2c                cpuss_interrupt_spcif_IRQHandler
                0x00000b2c                scb_0_interrupt_IRQHandler
                0x00000b2c                tcpwm_interrupts_3_IRQHandler
                0x00000b2c                csd_interrupt_IRQHandler
                0x00000b2c                tcpwm_interrupts_1_IRQHandler
                0x00000b2c                lpcomp_interrupt_IRQHandler
                0x00000b2c                crypto_interrupt_IRQHandler
                0x00000b2c                tcpwm_interrupts_6_IRQHandler
                0x00000b2c                ioss_interrupt_gpio_IRQHandler
                0x00000b2c                scb_2_interrupt_IRQHandler
                0x00000b2c                scb_1_interrupt_IRQHandler
                0x00000b2c                Default_Handler
                0x00000b2c                scb_3_interrupt_IRQHandler
                0x00000b2c                ioss_interrupts_gpio_3_IRQHandler
                0x00000b2c                ioss_interrupts_gpio_0_IRQHandler
                0x00000b2c                tcpwm_interrupts_0_IRQHandler
                0x00000b2c                SVC_Handler
                0x00000b2c                tcpwm_interrupts_2_IRQHandler
                0x00000b2c                tcpwm_interrupts_5_IRQHandler
                0x00000b2c                srss_interrupt_wdt_IRQHandler
                0x00000b2c                pass_0_interrupt_ctbs_IRQHandler
                0x00000b2c                wco_interrupt_IRQHandler
                0x00000b34                HRDFLT_Handler
                0x00000b34                HardFault_Handler
 .text          0x00000b3c      0x114 C:/IFX_EMBEDDED_SYSTEMS/softwares/Arm GNU Toolchain arm-none-eabi/13.2 Rel1/bin/../lib/gcc/arm-none-eabi/13.2.1/thumb/v6-m/nofp\libgcc.a(_udivsi3.o)
                0x00000b3c                __aeabi_uidiv
                0x00000b3c                __udivsi3
                0x00000c48                __aeabi_uidivmod
 .text          0x00000c50        0x4 C:/IFX_EMBEDDED_SYSTEMS/softwares/Arm GNU Toolchain arm-none-eabi/13.2 Rel1/bin/../lib/gcc/arm-none-eabi/13.2.1/thumb/v6-m/nofp\libgcc.a(_dvmd_tls.o)
                0x00000c50                __aeabi_idiv0
                0x00000c50                __aeabi_ldiv0
 .text.__libc_init_array
                0x00000c54       0x48 C:/IFX_EMBEDDED_SYSTEMS/softwares/Arm GNU Toolchain arm-none-eabi/13.2 Rel1/bin/../lib/gcc/arm-none-eabi/13.2.1/thumb/v6-m/nofp\libc_nano.a(libc_a-init.o)
                0x00000c54                __libc_init_array
 *(.init*)
 *(.fini*)
                0x00000c9c                        . = ALIGN (0x4)
 *(.rodata .rodata.*)
 .rodata        0x00000c9c       0x1c ./Application_Source/main.o
                0x00000c9c                tcpwm2_config
                0x00000cac                LED8_P1_6_config
                0x00000cb8                        . = ALIGN (0x4)
                0x00000cb8                        __etext = .
                0x00000cb8                        _la_data = LOADADDR (.data)

.glue_7         0x00000cb8        0x0
 .glue_7        0x00000cb8        0x0 linker stubs

.glue_7t        0x00000cb8        0x0
 .glue_7t       0x00000cb8        0x0 linker stubs

.vfp11_veneer   0x00000cb8        0x0
 .vfp11_veneer  0x00000cb8        0x0 linker stubs

.v4_bx          0x00000cb8        0x0
 .v4_bx         0x00000cb8        0x0 linker stubs

.iplt           0x00000cb8        0x0
 .iplt          0x00000cb8        0x0 ./Application_Source/main.o

.rel.dyn        0x00000cb8        0x0
 .rel.iplt      0x00000cb8        0x0 ./Application_Source/main.o

.data           0x20000000        0x0 load address 0x00000cb8
                0x20000000                        __data_start = .
 *(.data*)
                0x20000000                        . = ALIGN (0x4)
                0x20000000                        __data_end = .

.igot.plt       0x20000000        0x0 load address 0x00000cb8
 .igot.plt      0x20000000        0x0 ./Application_Source/main.o

.bss            0x20000000        0x0 load address 0x00000cb8
                0x20000000                        __bss_start__ = .
 *(.bss)
 *(.bss.*)
 *(COMMON)
                0x20000000                        . = ALIGN (0x4)
                0x20000000                        __bss_end__ = .
                0x20000000                        . = ALIGN (0x4)
                0x20000000                        end = .
                0x20000000                        __end__ = .

Heap            0x20000000     0x2e00 load address 0x00000cb8
                0x20002e00                        . = ABSOLUTE (__HEAP_START)
 *fill*         0x20000000     0x2e00 
 *(.heap)
                0x20002e00                        . = ALIGN (0x4)

Stack           0x20002e00      0x200 load address 0x00000cb8
                0x20003000                        . = ABSOLUTE (__STACK_END)
 *fill*         0x20002e00      0x200 
 *(.stack)
OUTPUT(bin/BareMetal.elf elf32-littlearm)
LOAD linker stubs

.debug_info     0x00000000     0x1749
 .debug_info    0x00000000      0x2ac ./Application_Source/main.o
 .debug_info    0x000002ac      0x4fb ./Device_Drivers/GPIO/gpio.o
 .debug_info    0x000007a7      0x7e3 ./Device_Drivers/CLOCK/Sys_Clock.o
 .debug_info    0x00000f8a      0x3ed ./Device_Drivers/TIMER/tcpwm.o
 .debug_info    0x00001377      0x233 ./Device_Drivers/IRQ/irq_mgmt.o
 .debug_info    0x000015aa      0x19f ./Startup/startup.o

.debug_abbrev   0x00000000      0x732
 .debug_abbrev  0x00000000      0x123 ./Application_Source/main.o
 .debug_abbrev  0x00000123      0x13c ./Device_Drivers/GPIO/gpio.o
 .debug_abbrev  0x0000025f      0x18e ./Device_Drivers/CLOCK/Sys_Clock.o
 .debug_abbrev  0x000003ed      0x132 ./Device_Drivers/TIMER/tcpwm.o
 .debug_abbrev  0x0000051f       0xfa ./Device_Drivers/IRQ/irq_mgmt.o
 .debug_abbrev  0x00000619      0x119 ./Startup/startup.o

.debug_aranges  0x00000000       0xc0
 .debug_aranges
                0x00000000       0x20 ./Application_Source/main.o
 .debug_aranges
                0x00000020       0x20 ./Device_Drivers/GPIO/gpio.o
 .debug_aranges
                0x00000040       0x20 ./Device_Drivers/CLOCK/Sys_Clock.o
 .debug_aranges
                0x00000060       0x20 ./Device_Drivers/TIMER/tcpwm.o
 .debug_aranges
                0x00000080       0x20 ./Device_Drivers/IRQ/irq_mgmt.o
 .debug_aranges
                0x000000a0       0x20 ./Startup/startup.o

.debug_line     0x00000000      0xd19
 .debug_line    0x00000000      0x28d ./Application_Source/main.o
 .debug_line    0x0000028d      0x25e ./Device_Drivers/GPIO/gpio.o
 .debug_line    0x000004eb      0x259 ./Device_Drivers/CLOCK/Sys_Clock.o
 .debug_line    0x00000744      0x253 ./Device_Drivers/TIMER/tcpwm.o
 .debug_line    0x00000997      0x1dc ./Device_Drivers/IRQ/irq_mgmt.o
 .debug_line    0x00000b73      0x1a6 ./Startup/startup.o

.debug_str      0x00000000      0xc57
 .debug_str     0x00000000      0xc57 ./Application_Source/main.o
                                0x301 (size before relaxing)
 .debug_str     0x00000c57      0x2f4 ./Device_Drivers/GPIO/gpio.o
 .debug_str     0x00000c57      0x819 ./Device_Drivers/CLOCK/Sys_Clock.o
 .debug_str     0x00000c57      0x2fe ./Device_Drivers/TIMER/tcpwm.o
 .debug_str     0x00000c57      0x251 ./Device_Drivers/IRQ/irq_mgmt.o
 .debug_str     0x00000c57      0x20a ./Startup/startup.o

.comment        0x00000000       0x44
 .comment       0x00000000       0x44 ./Application_Source/main.o
                                 0x45 (size before relaxing)
 .comment       0x00000044       0x45 ./Device_Drivers/GPIO/gpio.o
 .comment       0x00000044       0x45 ./Device_Drivers/CLOCK/Sys_Clock.o
 .comment       0x00000044       0x45 ./Device_Drivers/TIMER/tcpwm.o
 .comment       0x00000044       0x45 ./Device_Drivers/IRQ/irq_mgmt.o
 .comment       0x00000044       0x45 ./Startup/startup.o

.ARM.attributes
                0x00000000       0x2c
 .ARM.attributes
                0x00000000       0x2c ./Application_Source/main.o
 .ARM.attributes
                0x0000002c       0x2c ./Device_Drivers/GPIO/gpio.o
 .ARM.attributes
                0x00000058       0x2c ./Device_Drivers/CLOCK/Sys_Clock.o
 .ARM.attributes
                0x00000084       0x2c ./Device_Drivers/TIMER/tcpwm.o
 .ARM.attributes
                0x000000b0       0x2c ./Device_Drivers/IRQ/irq_mgmt.o
 .ARM.attributes
                0x000000dc       0x2c ./Startup/startup.o
 .ARM.attributes
                0x00000108       0x1e C:/IFX_EMBEDDED_SYSTEMS/softwares/Arm GNU Toolchain arm-none-eabi/13.2 Rel1/bin/../lib/gcc/arm-none-eabi/13.2.1/thumb/v6-m/nofp\libgcc.a(_udivsi3.o)
 .ARM.attributes
                0x00000126       0x1e C:/IFX_EMBEDDED_SYSTEMS/softwares/Arm GNU Toolchain arm-none-eabi/13.2 Rel1/bin/../lib/gcc/arm-none-eabi/13.2.1/thumb/v6-m/nofp\libgcc.a(_dvmd_tls.o)
 .ARM.attributes
                0x00000144       0x2c C:/IFX_EMBEDDED_SYSTEMS/softwares/Arm GNU Toolchain arm-none-eabi/13.2 Rel1/bin/../lib/gcc/arm-none-eabi/13.2.1/thumb/v6-m/nofp\libc_nano.a(libc_a-init.o)

.debug_frame    0x00000000      0x548
 .debug_frame   0x00000000       0x68 ./Application_Source/main.o
 .debug_frame   0x00000068      0x130 ./Device_Drivers/GPIO/gpio.o
 .debug_frame   0x00000198      0x108 ./Device_Drivers/CLOCK/Sys_Clock.o
 .debug_frame   0x000002a0      0x110 ./Device_Drivers/TIMER/tcpwm.o
 .debug_frame   0x000003b0       0xc8 ./Device_Drivers/IRQ/irq_mgmt.o
 .debug_frame   0x00000478       0x84 ./Startup/startup.o
 .debug_frame   0x000004fc       0x20 C:/IFX_EMBEDDED_SYSTEMS/softwares/Arm GNU Toolchain arm-none-eabi/13.2 Rel1/bin/../lib/gcc/arm-none-eabi/13.2.1/thumb/v6-m/nofp\libgcc.a(_udivsi3.o)
 .debug_frame   0x0000051c       0x2c C:/IFX_EMBEDDED_SYSTEMS/softwares/Arm GNU Toolchain arm-none-eabi/13.2 Rel1/bin/../lib/gcc/arm-none-eabi/13.2.1/thumb/v6-m/nofp\libc_nano.a(libc_a-init.o)

.debug_line_str
                0x00000000       0xc9
 .debug_line_str
                0x00000000       0xc9 C:/IFX_EMBEDDED_SYSTEMS/softwares/Arm GNU Toolchain arm-none-eabi/13.2 Rel1/bin/../lib/gcc/arm-none-eabi/13.2.1/thumb/v6-m/nofp\libgcc.a(_udivsi3.o)
 .debug_line_str
                0x000000c9       0xc9 C:/IFX_EMBEDDED_SYSTEMS/softwares/Arm GNU Toolchain arm-none-eabi/13.2 Rel1/bin/../lib/gcc/arm-none-eabi/13.2.1/thumb/v6-m/nofp\libgcc.a(_dvmd_tls.o)
