Archive member included to satisfy reference by file (symbol)

C:/IFX_EMBEDDED_SYSTEMS/softwares/Arm GNU Toolchain arm-none-eabi/13.2 Rel1/bin/../lib/gcc/arm-none-eabi/13.2.1/thumb/v6-m/nofp\libc_nano.a(libc_a-errno.o)
                              ./Libc_Device_Support/syscalls.o (__errno)
C:/IFX_EMBEDDED_SYSTEMS/softwares/Arm GNU Toolchain arm-none-eabi/13.2 Rel1/bin/../lib/gcc/arm-none-eabi/13.2.1/thumb/v6-m/nofp\libc_nano.a(libc_a-init.o)
                              ./Startup/startup.o (__libc_init_array)
C:/IFX_EMBEDDED_SYSTEMS/softwares/Arm GNU Toolchain arm-none-eabi/13.2 Rel1/bin/../lib/gcc/arm-none-eabi/13.2.1/thumb/v6-m/nofp\libc_nano.a(libc_a-impure.o)
                              C:/IFX_EMBEDDED_SYSTEMS/softwares/Arm GNU Toolchain arm-none-eabi/13.2 Rel1/bin/../lib/gcc/arm-none-eabi/13.2.1/thumb/v6-m/nofp\libc_nano.a(libc_a-errno.o) (_impure_ptr)

Discarded input sections

 .data          0x00000000        0x0 ./Application_Source/main.o
 .data          0x00000000        0x0 ./Device_Drivers/GPIO/gpio.o
 .bss           0x00000000        0x0 ./Device_Drivers/GPIO/gpio.o
 .text          0x00000000        0xa ./Libc_Device_Support/malloc_support.o
 .data          0x00000000        0x0 ./Libc_Device_Support/malloc_support.o
 .bss           0x00000000        0x0 ./Libc_Device_Support/malloc_support.o
 .debug_info    0x00000000       0x39 ./Libc_Device_Support/malloc_support.o
 .debug_abbrev  0x00000000       0x2d ./Libc_Device_Support/malloc_support.o
 .debug_aranges
                0x00000000       0x20 ./Libc_Device_Support/malloc_support.o
 .debug_line    0x00000000       0x5a ./Libc_Device_Support/malloc_support.o
 .debug_str     0x00000000       0xea ./Libc_Device_Support/malloc_support.o
 .comment       0x00000000       0x45 ./Libc_Device_Support/malloc_support.o
 .debug_frame   0x00000000       0x2c ./Libc_Device_Support/malloc_support.o
 .ARM.attributes
                0x00000000       0x2c ./Libc_Device_Support/malloc_support.o
 .text          0x00000000        0xa ./Libc_Device_Support/printf_support.o
 .data          0x00000000        0x0 ./Libc_Device_Support/printf_support.o
 .bss           0x00000000        0x0 ./Libc_Device_Support/printf_support.o
 .debug_info    0x00000000       0x39 ./Libc_Device_Support/printf_support.o
 .debug_abbrev  0x00000000       0x2d ./Libc_Device_Support/printf_support.o
 .debug_aranges
                0x00000000       0x20 ./Libc_Device_Support/printf_support.o
 .debug_line    0x00000000       0x5a ./Libc_Device_Support/printf_support.o
 .debug_str     0x00000000       0xea ./Libc_Device_Support/printf_support.o
 .comment       0x00000000       0x45 ./Libc_Device_Support/printf_support.o
 .debug_frame   0x00000000       0x2c ./Libc_Device_Support/printf_support.o
 .ARM.attributes
                0x00000000       0x2c ./Libc_Device_Support/printf_support.o
 .text          0x00000000      0x294 ./Libc_Device_Support/syscalls.o
 .data          0x00000000        0x4 ./Libc_Device_Support/syscalls.o
 .bss           0x00000000        0x8 ./Libc_Device_Support/syscalls.o
 .debug_info    0x00000000      0x711 ./Libc_Device_Support/syscalls.o
 .debug_abbrev  0x00000000      0x1c8 ./Libc_Device_Support/syscalls.o
 .debug_aranges
                0x00000000       0x20 ./Libc_Device_Support/syscalls.o
 .debug_line    0x00000000      0x2d7 ./Libc_Device_Support/syscalls.o
 .debug_str     0x00000000      0x405 ./Libc_Device_Support/syscalls.o
 .comment       0x00000000       0x45 ./Libc_Device_Support/syscalls.o
 .debug_frame   0x00000000      0x264 ./Libc_Device_Support/syscalls.o
 .ARM.attributes
                0x00000000       0x2c ./Libc_Device_Support/syscalls.o
 .text          0x00000000       0x14 ./Special_Libraries/dsplib.o
 .data          0x00000000        0x0 ./Special_Libraries/dsplib.o
 .bss           0x00000000        0x0 ./Special_Libraries/dsplib.o
 .debug_info    0x00000000       0x47 ./Special_Libraries/dsplib.o
 .debug_abbrev  0x00000000       0x2f ./Special_Libraries/dsplib.o
 .debug_aranges
                0x00000000       0x20 ./Special_Libraries/dsplib.o
 .debug_line    0x00000000       0x56 ./Special_Libraries/dsplib.o
 .debug_str     0x00000000       0xe3 ./Special_Libraries/dsplib.o
 .comment       0x00000000       0x45 ./Special_Libraries/dsplib.o
 .debug_frame   0x00000000       0x48 ./Special_Libraries/dsplib.o
 .ARM.attributes
                0x00000000       0x2c ./Special_Libraries/dsplib.o
 .text          0x00000000       0x54 ./Special_Libraries/reset.o
 .data          0x00000000        0x0 ./Special_Libraries/reset.o
 .bss           0x00000000        0x0 ./Special_Libraries/reset.o
 .debug_info    0x00000000       0xd0 ./Special_Libraries/reset.o
 .debug_abbrev  0x00000000       0x91 ./Special_Libraries/reset.o
 .debug_aranges
                0x00000000       0x20 ./Special_Libraries/reset.o
 .debug_line    0x00000000      0x169 ./Special_Libraries/reset.o
 .debug_str     0x00000000      0x1a2 ./Special_Libraries/reset.o
 .comment       0x00000000       0x45 ./Special_Libraries/reset.o
 .debug_frame   0x00000000       0x4c ./Special_Libraries/reset.o
 .ARM.attributes
                0x00000000       0x2c ./Special_Libraries/reset.o
 .data          0x00000000        0x0 ./Special_Libraries/cmsis_gcc.o
 .bss           0x00000000        0x0 ./Special_Libraries/cmsis_gcc.o
 .data          0x00000000        0x0 ./Startup/startup.o
 .bss           0x00000000        0x0 ./Startup/startup.o
 .text          0x00000000        0x0 C:/IFX_EMBEDDED_SYSTEMS/softwares/Arm GNU Toolchain arm-none-eabi/13.2 Rel1/bin/../lib/gcc/arm-none-eabi/13.2.1/thumb/v6-m/nofp\libc_nano.a(libc_a-errno.o)
 .data          0x00000000        0x0 C:/IFX_EMBEDDED_SYSTEMS/softwares/Arm GNU Toolchain arm-none-eabi/13.2 Rel1/bin/../lib/gcc/arm-none-eabi/13.2.1/thumb/v6-m/nofp\libc_nano.a(libc_a-errno.o)
 .bss           0x00000000        0x0 C:/IFX_EMBEDDED_SYSTEMS/softwares/Arm GNU Toolchain arm-none-eabi/13.2 Rel1/bin/../lib/gcc/arm-none-eabi/13.2.1/thumb/v6-m/nofp\libc_nano.a(libc_a-errno.o)
 .text.__errno  0x00000000        0xc C:/IFX_EMBEDDED_SYSTEMS/softwares/Arm GNU Toolchain arm-none-eabi/13.2 Rel1/bin/../lib/gcc/arm-none-eabi/13.2.1/thumb/v6-m/nofp\libc_nano.a(libc_a-errno.o)
 .debug_frame   0x00000000       0x20 C:/IFX_EMBEDDED_SYSTEMS/softwares/Arm GNU Toolchain arm-none-eabi/13.2 Rel1/bin/../lib/gcc/arm-none-eabi/13.2.1/thumb/v6-m/nofp\libc_nano.a(libc_a-errno.o)
 .ARM.attributes
                0x00000000       0x2c C:/IFX_EMBEDDED_SYSTEMS/softwares/Arm GNU Toolchain arm-none-eabi/13.2 Rel1/bin/../lib/gcc/arm-none-eabi/13.2.1/thumb/v6-m/nofp\libc_nano.a(libc_a-errno.o)
 .text          0x00000000        0x0 C:/IFX_EMBEDDED_SYSTEMS/softwares/Arm GNU Toolchain arm-none-eabi/13.2 Rel1/bin/../lib/gcc/arm-none-eabi/13.2.1/thumb/v6-m/nofp\libc_nano.a(libc_a-init.o)
 .data          0x00000000        0x0 C:/IFX_EMBEDDED_SYSTEMS/softwares/Arm GNU Toolchain arm-none-eabi/13.2 Rel1/bin/../lib/gcc/arm-none-eabi/13.2.1/thumb/v6-m/nofp\libc_nano.a(libc_a-init.o)
 .bss           0x00000000        0x0 C:/IFX_EMBEDDED_SYSTEMS/softwares/Arm GNU Toolchain arm-none-eabi/13.2 Rel1/bin/../lib/gcc/arm-none-eabi/13.2.1/thumb/v6-m/nofp\libc_nano.a(libc_a-init.o)
 .text          0x00000000        0x0 C:/IFX_EMBEDDED_SYSTEMS/softwares/Arm GNU Toolchain arm-none-eabi/13.2 Rel1/bin/../lib/gcc/arm-none-eabi/13.2.1/thumb/v6-m/nofp\libc_nano.a(libc_a-impure.o)
 .data          0x00000000        0x0 C:/IFX_EMBEDDED_SYSTEMS/softwares/Arm GNU Toolchain arm-none-eabi/13.2 Rel1/bin/../lib/gcc/arm-none-eabi/13.2.1/thumb/v6-m/nofp\libc_nano.a(libc_a-impure.o)
 .bss           0x00000000        0x0 C:/IFX_EMBEDDED_SYSTEMS/softwares/Arm GNU Toolchain arm-none-eabi/13.2 Rel1/bin/../lib/gcc/arm-none-eabi/13.2.1/thumb/v6-m/nofp\libc_nano.a(libc_a-impure.o)
 .data._impure_ptr
                0x00000000        0x4 C:/IFX_EMBEDDED_SYSTEMS/softwares/Arm GNU Toolchain arm-none-eabi/13.2 Rel1/bin/../lib/gcc/arm-none-eabi/13.2.1/thumb/v6-m/nofp\libc_nano.a(libc_a-impure.o)
 .data._impure_data
                0x00000000       0x4c C:/IFX_EMBEDDED_SYSTEMS/softwares/Arm GNU Toolchain arm-none-eabi/13.2 Rel1/bin/../lib/gcc/arm-none-eabi/13.2.1/thumb/v6-m/nofp\libc_nano.a(libc_a-impure.o)
 .ARM.attributes
                0x00000000       0x2c C:/IFX_EMBEDDED_SYSTEMS/softwares/Arm GNU Toolchain arm-none-eabi/13.2 Rel1/bin/../lib/gcc/arm-none-eabi/13.2.1/thumb/v6-m/nofp\libc_nano.a(libc_a-impure.o)

Memory Configuration

Name             Origin             Length             Attributes
FLASH            0x00000000         0x00020000         xr
RAM              0x20000000         0x00004000         xrw
*default*        0x00000000         0xffffffff

Linker script and memory map

LOAD ./Application_Source/main.o
LOAD ./Device_Drivers/GPIO/gpio.o
LOAD ./Libc_Device_Support/malloc_support.o
LOAD ./Libc_Device_Support/printf_support.o
LOAD ./Libc_Device_Support/syscalls.o
LOAD ./Special_Libraries/dsplib.o
LOAD ./Special_Libraries/reset.o
LOAD ./Special_Libraries/cmsis_gcc.o
LOAD ./Startup/startup.o
START GROUP
LOAD C:/IFX_EMBEDDED_SYSTEMS/softwares/Arm GNU Toolchain arm-none-eabi/13.2 Rel1/bin/../lib/gcc/arm-none-eabi/13.2.1/thumb/v6-m/nofp\libgcc.a
LOAD C:/IFX_EMBEDDED_SYSTEMS/softwares/Arm GNU Toolchain arm-none-eabi/13.2 Rel1/bin/../lib/gcc/arm-none-eabi/13.2.1/thumb/v6-m/nofp\libc_nano.a
END GROUP
START GROUP
LOAD C:/IFX_EMBEDDED_SYSTEMS/softwares/Arm GNU Toolchain arm-none-eabi/13.2 Rel1/bin/../lib/gcc/arm-none-eabi/13.2.1/thumb/v6-m/nofp\libgcc.a
LOAD C:/IFX_EMBEDDED_SYSTEMS/softwares/Arm GNU Toolchain arm-none-eabi/13.2 Rel1/bin/../lib/gcc/arm-none-eabi/13.2.1/thumb/v6-m/nofp\libc_nano.a
LOAD C:/IFX_EMBEDDED_SYSTEMS/softwares/Arm GNU Toolchain arm-none-eabi/13.2 Rel1/bin/../lib/gcc/arm-none-eabi/13.2.1/thumb/v6-m/nofp\libnosys.a
END GROUP
START GROUP
LOAD C:/IFX_EMBEDDED_SYSTEMS/softwares/Arm GNU Toolchain arm-none-eabi/13.2 Rel1/bin/../lib/gcc/arm-none-eabi/13.2.1/thumb/v6-m/nofp\libgcc.a
LOAD C:/IFX_EMBEDDED_SYSTEMS/softwares/Arm GNU Toolchain arm-none-eabi/13.2 Rel1/bin/../lib/gcc/arm-none-eabi/13.2.1/thumb/v6-m/nofp\libc_nano.a
LOAD C:/IFX_EMBEDDED_SYSTEMS/softwares/Arm GNU Toolchain arm-none-eabi/13.2 Rel1/bin/../lib/gcc/arm-none-eabi/13.2.1/thumb/v6-m/nofp\libnosys.a
END GROUP
                0x00000000                        __FLASH_START = 0x0
                0x00020000                        __FLASH_SIZE = 0x20000
                0x20000000                        __RAM_START = 0x20000000
                0x00004000                        __RAM_SIZE = 0x4000
                0x00001000                        __STACK_SIZE = 0x1000
                0x00000200                        __HEAP_SIZE = 0x200
                0x00000010                        __GAURDBUFFER = 0x10
                0x20004000                        __STACK_START = (__RAM_START + __RAM_SIZE)
                0x20003000                        __STACK_END = (__STACK_START - __STACK_SIZE)
                0x20002df0                        __HEAP_START = ((__STACK_END - __HEAP_SIZE) - __GAURDBUFFER)
                0x20002ff0                        __HEAP_END = (__STACK_END - __GAURDBUFFER)

.text           0x00000000      0x72c
 *(.isr_vector)
 .isr_vector    0x00000000       0xc0 ./Startup/startup.o
                0x00000000                vector
 *(.user_irq_hdlr)
 *(.text*)
 .text          0x000000c0      0x24c ./Application_Source/main.o
                0x000000c0                main
                0x000001b4                Delay
                0x000001ee                srss_interrupt_wdt_IRQHandler
                0x00000274                ioss_interrupts_gpio_3_IRQHandler
                0x000002b0                ioss_interrupts_gpio_2_IRQHandler
 .text          0x0000030c      0x204 ./Device_Drivers/GPIO/gpio.o
                0x0000030c                GPIO_Set
                0x00000328                GPIO_Clr
                0x00000344                GPIO_Inv
                0x00000360                GPIO_Read
                0x00000380                GPIO_SetDrivemode
                0x000003e8                GPIO_SetHSIOM
                0x00000448                GPIO_SetInterruptEdge
                0x00000486                GPIO_Pin_Init
                0x000004ec                GPIO_ClearInterrupt
 .text          0x00000510       0xf4 ./Special_Libraries/cmsis_gcc.o
                0x00000510                enable_irq
                0x0000051c                NVIC_SetPriority
                0x00000578                NVIC_ClearPendingIRQ
                0x000005a4                NVIC_EnableIRQ
                0x000005d0                NVIC_DisableIRQ
 .text          0x00000604       0xb0 ./Startup/startup.o
                0x00000604                _init
                0x0000060e                Reset_handler
                0x00000698                tcpwm_interrupts_7_IRQHandler
                0x00000698                pass_0_interrupt_sar_IRQHandler
                0x00000698                SysTick_Handler
                0x00000698                PendSV_Handler
                0x00000698                NMI_Handler
                0x00000698                ioss_interrupts_gpio_1_IRQHandler
                0x00000698                cpuss_interrupt_dma_IRQHandler
                0x00000698                scb_4_interrupt_IRQHandler
                0x00000698                scb_2_interrupt_IRQHandler
                0x00000698                can_interrupt_can_IRQHandler
                0x00000698                cpuss_interrupt_spcif_IRQHandler
                0x00000698                scb_0_interrupt_IRQHandler
                0x00000698                tcpwm_interrupts_3_IRQHandler
                0x00000698                csd_interrupt_IRQHandler
                0x00000698                tcpwm_interrupts_1_IRQHandler
                0x00000698                lpcomp_interrupt_IRQHandler
                0x00000698                crypto_interrupt_IRQHandler
                0x00000698                tcpwm_interrupts_6_IRQHandler
                0x00000698                ioss_interrupt_gpio_IRQHandler
                0x00000698                tcpwm_interrupts_4_IRQHandler
                0x00000698                scb_1_interrupt_IRQHandler
                0x00000698                Default_Handler
                0x00000698                scb_3_interrupt_IRQHandler
                0x00000698                ioss_interrupts_gpio_0_IRQHandler
                0x00000698                tcpwm_interrupts_0_IRQHandler
                0x00000698                SVC_Handler
                0x00000698                tcpwm_interrupts_2_IRQHandler
                0x00000698                tcpwm_interrupts_5_IRQHandler
                0x00000698                pass_0_interrupt_ctbs_IRQHandler
                0x00000698                wco_interrupt_IRQHandler
                0x000006a0                HRDFLT_Handler
                0x000006a0                HardFault_Handler
 .text.__libc_init_array
                0x000006b4       0x48 C:/IFX_EMBEDDED_SYSTEMS/softwares/Arm GNU Toolchain arm-none-eabi/13.2 Rel1/bin/../lib/gcc/arm-none-eabi/13.2.1/thumb/v6-m/nofp\libc_nano.a(libc_a-init.o)
                0x000006b4                __libc_init_array
 *(.init*)
 *(.fini*)
                0x000006fc                        . = ALIGN (0x4)
 *(.rodata .rodata.*)
 .rodata        0x000006fc       0x30 ./Application_Source/main.o
                0x000006fc                LED10_P2_2_config
                0x00000708                LED8_P1_6_config
                0x00000714                SW2_P3_7_config
                0x00000720                SW_LED9_P2_0_config
                0x0000072c                        . = ALIGN (0x4)
                0x0000072c                        __etext = .
                0x0000072c                        _la_data = LOADADDR (.data)

.glue_7         0x0000072c        0x0
 .glue_7        0x0000072c        0x0 linker stubs

.glue_7t        0x0000072c        0x0
 .glue_7t       0x0000072c        0x0 linker stubs

.vfp11_veneer   0x0000072c        0x0
 .vfp11_veneer  0x0000072c        0x0 linker stubs

.v4_bx          0x0000072c        0x0
 .v4_bx         0x0000072c        0x0 linker stubs

.iplt           0x0000072c        0x0
 .iplt          0x0000072c        0x0 ./Application_Source/main.o

.rel.dyn        0x0000072c        0x0
 .rel.iplt      0x0000072c        0x0 ./Application_Source/main.o

.data           0x20000000        0x0 load address 0x0000072c
                0x20000000                        __data_start = .
 *(.data*)
                0x20000000                        . = ALIGN (0x4)
                0x20000000                        __data_end = .

.igot.plt       0x20000000        0x0 load address 0x0000072c
 .igot.plt      0x20000000        0x0 ./Application_Source/main.o

.bss            0x20000000        0x8 load address 0x0000072c
                0x20000000                        __bss_start__ = .
 *(.bss)
 .bss           0x20000000        0x8 ./Application_Source/main.o
                0x20000000                wdt_count
                0x20000004                dbg_match
 *(.bss.*)
 *(COMMON)
                0x20000008                        . = ALIGN (0x4)
                0x20000008                        __bss_end__ = .
                0x20000008                        . = ALIGN (0x4)
                0x20000008                        end = .
                0x20000008                        __end__ = .

.heap           0x20002df0        0x0
                0x20002df0                        __heap_Start__ = .
 *(.heap)
                0x20002df0                        . = ALIGN (0x4)
                0x20002df0                        __heap_End__ = .

.stack          0x20000008     0x2ff8
                0x20003000                        . = ABSOLUTE (__STACK_END)
 *fill*         0x20000008     0x2ff8 
                0x20003000                        __stack_End__ = .
 *(.stack)
                0x20003000                        __stack_Start__ = .
OUTPUT(bin/BareMetal.elf elf32-littlearm)
LOAD linker stubs

.debug_info     0x00000000      0xd43
 .debug_info    0x00000000      0x3cc ./Application_Source/main.o
 .debug_info    0x000003cc      0x495 ./Device_Drivers/GPIO/gpio.o
 .debug_info    0x00000861      0x22d ./Special_Libraries/cmsis_gcc.o
 .debug_info    0x00000a8e      0x2b5 ./Startup/startup.o

.debug_abbrev   0x00000000      0x558
 .debug_abbrev  0x00000000      0x1b3 ./Application_Source/main.o
 .debug_abbrev  0x000001b3      0x13c ./Device_Drivers/GPIO/gpio.o
 .debug_abbrev  0x000002ef       0xde ./Special_Libraries/cmsis_gcc.o
 .debug_abbrev  0x000003cd      0x18b ./Startup/startup.o

.debug_aranges  0x00000000       0x80
 .debug_aranges
                0x00000000       0x20 ./Application_Source/main.o
 .debug_aranges
                0x00000020       0x20 ./Device_Drivers/GPIO/gpio.o
 .debug_aranges
                0x00000040       0x20 ./Special_Libraries/cmsis_gcc.o
 .debug_aranges
                0x00000060       0x20 ./Startup/startup.o

.debug_line     0x00000000      0x84f
 .debug_line    0x00000000      0x276 ./Application_Source/main.o
 .debug_line    0x00000276      0x22e ./Device_Drivers/GPIO/gpio.o
 .debug_line    0x000004a4      0x1d9 ./Special_Libraries/cmsis_gcc.o
 .debug_line    0x0000067d      0x1d2 ./Startup/startup.o

.debug_str      0x00000000      0x4f4
 .debug_str     0x00000000      0x4f4 ./Application_Source/main.o
                                0x357 (size before relaxing)
 .debug_str     0x000004f4      0x2d9 ./Device_Drivers/GPIO/gpio.o
 .debug_str     0x000004f4      0x22e ./Special_Libraries/cmsis_gcc.o
 .debug_str     0x000004f4      0x265 ./Startup/startup.o

.comment        0x00000000       0x44
 .comment       0x00000000       0x44 ./Application_Source/main.o
                                 0x45 (size before relaxing)
 .comment       0x00000044       0x45 ./Device_Drivers/GPIO/gpio.o
 .comment       0x00000044       0x45 ./Special_Libraries/cmsis_gcc.o
 .comment       0x00000044       0x45 ./Startup/startup.o

.ARM.attributes
                0x00000000       0x2c
 .ARM.attributes
                0x00000000       0x2c ./Application_Source/main.o
 .ARM.attributes
                0x0000002c       0x2c ./Device_Drivers/GPIO/gpio.o
 .ARM.attributes
                0x00000058       0x2c ./Special_Libraries/cmsis_gcc.o
 .ARM.attributes
                0x00000084       0x2c ./Startup/startup.o
 .ARM.attributes
                0x000000b0       0x2c C:/IFX_EMBEDDED_SYSTEMS/softwares/Arm GNU Toolchain arm-none-eabi/13.2 Rel1/bin/../lib/gcc/arm-none-eabi/13.2.1/thumb/v6-m/nofp\libc_nano.a(libc_a-init.o)

.debug_frame    0x00000000      0x334
 .debug_frame   0x00000000       0xa8 ./Application_Source/main.o
 .debug_frame   0x000000a8      0x130 ./Device_Drivers/GPIO/gpio.o
 .debug_frame   0x000001d8       0xac ./Special_Libraries/cmsis_gcc.o
 .debug_frame   0x00000284       0x84 ./Startup/startup.o
 .debug_frame   0x00000308       0x2c C:/IFX_EMBEDDED_SYSTEMS/softwares/Arm GNU Toolchain arm-none-eabi/13.2 Rel1/bin/../lib/gcc/arm-none-eabi/13.2.1/thumb/v6-m/nofp\libc_nano.a(libc_a-init.o)
