
bin/BareMetal.elf:     file format elf32-littlearm

Sections:
Idx Name          Size      VMA       LMA       File off  Algn
  0 .text         0000072c  00000000  00000000  00001000  2**2
                  CONTENTS, ALLOC, LOAD, READONLY, CODE
  1 .data         00000000  20000000  20000000  0000172c  2**0
                  CONTENTS, ALLOC, LOAD, DATA
  2 .bss          00000008  20000000  0000072c  00002000  2**2
                  ALLOC
  3 .heap         00000000  20002df0  20002df0  0000172c  2**0
                  CONTENTS
  4 .stack        00002ff8  20000008  20000008  00002008  2**0
                  ALLOC
  5 .debug_info   00000d43  00000000  00000000  0000172c  2**0
                  CONTENTS, READONLY, DEBUGGING, OCTETS
  6 .debug_abbrev 00000558  00000000  00000000  0000246f  2**0
                  CONTENTS, READONLY, DEBUGGING, OCTETS
  7 .debug_aranges 00000080  00000000  00000000  000029c7  2**0
                  CONTENTS, READONLY, DEBUGGING, OCTETS
  8 .debug_line   0000084f  00000000  00000000  00002a47  2**0
                  CONTENTS, READONLY, DEBUGGING, OCTETS
  9 .debug_str    000004f4  00000000  00000000  00003296  2**0
                  CONTENTS, READONLY, DEBUGGING, OCTETS
 10 .comment      00000044  00000000  00000000  0000378a  2**0
                  CONTENTS, READONLY
 11 .ARM.attributes 0000002c  00000000  00000000  000037ce  2**0
                  CONTENTS, READONLY
 12 .debug_frame  00000334  00000000  00000000  000037fc  2**2
                  CONTENTS, READONLY, DEBUGGING, OCTETS

Disassembly of section .text:

00000000 <vector>:
   0:	00 30 00 20 0f 06 00 00 99 06 00 00 a1 06 00 00     .0. ............
	...
  2c:	99 06 00 00 00 00 00 00 00 00 00 00 99 06 00 00     ................
  3c:	99 06 00 00 99 06 00 00 99 06 00 00 b1 02 00 00     ................
  4c:	75 02 00 00 99 06 00 00 99 06 00 00 ef 01 00 00     u...............
  5c:	99 06 00 00 99 06 00 00 99 06 00 00 99 06 00 00     ................
  6c:	99 06 00 00 99 06 00 00 99 06 00 00 99 06 00 00     ................
  7c:	99 06 00 00 99 06 00 00 99 06 00 00 99 06 00 00     ................
  8c:	99 06 00 00 99 06 00 00 99 06 00 00 99 06 00 00     ................
  9c:	99 06 00 00 99 06 00 00 99 06 00 00 99 06 00 00     ................
  ac:	99 06 00 00 00 00 00 00 00 00 00 00 00 00 00 00     ................
  bc:	00 00 00 00                                         ....

000000c0 <main>:


void Delay(int32_t);

int main()
{
  c0:	b580      	push	{r7, lr}
  c2:	b082      	sub	sp, #8
  c4:	af00      	add	r7, sp, #0
   // register int Var_1, Var_2, Var_3, Var_4, Var_5; 
   
    WDT_MATCH_REG = WDT_TIMEOUT_COUNT;   // Set WDT timeout to 1 second (assuming 40kHz WCO)
  c6:	4b2f      	ldr	r3, [pc, #188]	@ (184 <main+0xc4>)
  c8:	4a2f      	ldr	r2, [pc, #188]	@ (188 <main+0xc8>)
  ca:	601a      	str	r2, [r3, #0]
    SRSS_INTR_REG = 1u;
  cc:	4b2f      	ldr	r3, [pc, #188]	@ (18c <main+0xcc>)
  ce:	2201      	movs	r2, #1
  d0:	601a      	str	r2, [r3, #0]
    SRSS_INTR_MASK_REG |= 1u;   // Enable WDT_MATCH interrupt forwarding
  d2:	4b2f      	ldr	r3, [pc, #188]	@ (190 <main+0xd0>)
  d4:	681a      	ldr	r2, [r3, #0]
  d6:	4b2e      	ldr	r3, [pc, #184]	@ (190 <main+0xd0>)
  d8:	2101      	movs	r1, #1
  da:	430a      	orrs	r2, r1
  dc:	601a      	str	r2, [r3, #0]

    GPIO_Pin_Init((GPIO_PRT_Type *)CYREG_GPIO_PRT2_DR, 2u, &LED10_P2_2_config, HSIOM_SEL_GPIO);
  de:	4a2d      	ldr	r2, [pc, #180]	@ (194 <main+0xd4>)
  e0:	482d      	ldr	r0, [pc, #180]	@ (198 <main+0xd8>)
  e2:	2300      	movs	r3, #0
  e4:	2102      	movs	r1, #2
  e6:	f000 f9ce 	bl	486 <GPIO_Pin_Init>
    GPIO_Pin_Init((GPIO_PRT_Type *)CYREG_GPIO_PRT1_DR, 6u, &LED8_P1_6_config, HSIOM_SEL_GPIO);
  ea:	4a2c      	ldr	r2, [pc, #176]	@ (19c <main+0xdc>)
  ec:	482c      	ldr	r0, [pc, #176]	@ (1a0 <main+0xe0>)
  ee:	2300      	movs	r3, #0
  f0:	2106      	movs	r1, #6
  f2:	f000 f9c8 	bl	486 <GPIO_Pin_Init>
    GPIO_Pin_Init((GPIO_PRT_Type *)CYREG_GPIO_PRT3_DR, 7u, &SW2_P3_7_config, HSIOM_SEL_GPIO);
  f6:	4a2b      	ldr	r2, [pc, #172]	@ (1a4 <main+0xe4>)
  f8:	482b      	ldr	r0, [pc, #172]	@ (1a8 <main+0xe8>)
  fa:	2300      	movs	r3, #0
  fc:	2107      	movs	r1, #7
  fe:	f000 f9c2 	bl	486 <GPIO_Pin_Init>
    GPIO_Pin_Init((GPIO_PRT_Type *)CYREG_GPIO_PRT2_DR, 0u, &SW_LED9_P2_0_config, HSIOM_SEL_GPIO);
 102:	4a2a      	ldr	r2, [pc, #168]	@ (1ac <main+0xec>)
 104:	4824      	ldr	r0, [pc, #144]	@ (198 <main+0xd8>)
 106:	2300      	movs	r3, #0
 108:	2100      	movs	r1, #0
 10a:	f000 f9bc 	bl	486 <GPIO_Pin_Init>
    GPIO_Pin_Init((GPIO_PRT_Type *)CYREG_GPIO_PRT1_DR, 2u, &LED8_P1_6_config, HSIOM_SEL_GPIO);
 10e:	4a23      	ldr	r2, [pc, #140]	@ (19c <main+0xdc>)
 110:	4823      	ldr	r0, [pc, #140]	@ (1a0 <main+0xe0>)
 112:	2300      	movs	r3, #0
 114:	2102      	movs	r1, #2
 116:	f000 f9b6 	bl	486 <GPIO_Pin_Init>

    NVIC_SetPriority(6u, 1u);
 11a:	2101      	movs	r1, #1
 11c:	2006      	movs	r0, #6
 11e:	f000 f9fd 	bl	51c <NVIC_SetPriority>
    NVIC_SetPriority(3u, 1u);
 122:	2101      	movs	r1, #1
 124:	2003      	movs	r0, #3
 126:	f000 f9f9 	bl	51c <NVIC_SetPriority>
    NVIC_SetPriority(2u, 1u);
 12a:	2101      	movs	r1, #1
 12c:	2002      	movs	r0, #2
 12e:	f000 f9f5 	bl	51c <NVIC_SetPriority>

    /* Clearing and enabling the GPIO interrupt in NVIC */
    NVIC_ClearPendingIRQ(3u);
 132:	2003      	movs	r0, #3
 134:	f000 fa20 	bl	578 <NVIC_ClearPendingIRQ>
    NVIC_ClearPendingIRQ(6u);
 138:	2006      	movs	r0, #6
 13a:	f000 fa1d 	bl	578 <NVIC_ClearPendingIRQ>
    NVIC_ClearPendingIRQ(2u);
 13e:	2002      	movs	r0, #2
 140:	f000 fa1a 	bl	578 <NVIC_ClearPendingIRQ>
    NVIC_EnableIRQ(3u);
 144:	2003      	movs	r0, #3
 146:	f000 fa2d 	bl	5a4 <NVIC_EnableIRQ>
    NVIC_EnableIRQ(6u);
 14a:	2006      	movs	r0, #6
 14c:	f000 fa2a 	bl	5a4 <NVIC_EnableIRQ>
    NVIC_EnableIRQ(2u);
 150:	2002      	movs	r0, #2
 152:	f000 fa27 	bl	5a4 <NVIC_EnableIRQ>
   
    enable_irq();
 156:	f000 f9db 	bl	510 <enable_irq>

    for (int32_t i = 0; i < 6; i++)
 15a:	2300      	movs	r3, #0
 15c:	607b      	str	r3, [r7, #4]
 15e:	e00b      	b.n	178 <main+0xb8>
    {
        GPIO_Inv((GPIO_PRT_Type *)CYREG_GPIO_PRT1_DR, 6u);
 160:	4b0f      	ldr	r3, [pc, #60]	@ (1a0 <main+0xe0>)
 162:	2106      	movs	r1, #6
 164:	0018      	movs	r0, r3
 166:	f000 f8ed 	bl	344 <GPIO_Inv>
        Delay(100000);
 16a:	4b11      	ldr	r3, [pc, #68]	@ (1b0 <main+0xf0>)
 16c:	0018      	movs	r0, r3
 16e:	f000 f821 	bl	1b4 <Delay>
    for (int32_t i = 0; i < 6; i++)
 172:	687b      	ldr	r3, [r7, #4]
 174:	3301      	adds	r3, #1
 176:	607b      	str	r3, [r7, #4]
 178:	687b      	ldr	r3, [r7, #4]
 17a:	2b05      	cmp	r3, #5
 17c:	ddf0      	ble.n	160 <main+0xa0>
    }

    for(;;)
 17e:	46c0      	nop			@ (mov r8, r8)
 180:	e7fd      	b.n	17e <main+0xbe>
 182:	46c0      	nop			@ (mov r8, r8)
 184:	40030040 	.word	0x40030040
 188:	00009c40 	.word	0x00009c40
 18c:	40030044 	.word	0x40030044
 190:	4003004c 	.word	0x4003004c
 194:	000006fc 	.word	0x000006fc
 198:	40040200 	.word	0x40040200
 19c:	00000708 	.word	0x00000708
 1a0:	40040100 	.word	0x40040100
 1a4:	00000714 	.word	0x00000714
 1a8:	40040300 	.word	0x40040300
 1ac:	00000720 	.word	0x00000720
 1b0:	000186a0 	.word	0x000186a0

000001b4 <Delay>:
    }
    return 0;
}

void Delay(int32_t delayNumber)
{
 1b4:	b580      	push	{r7, lr}
 1b6:	b084      	sub	sp, #16
 1b8:	af00      	add	r7, sp, #0
 1ba:	6078      	str	r0, [r7, #4]
    for(int32_t i=0; i<delayNumber; i++);
 1bc:	2300      	movs	r3, #0
 1be:	60fb      	str	r3, [r7, #12]
 1c0:	e002      	b.n	1c8 <Delay+0x14>
 1c2:	68fb      	ldr	r3, [r7, #12]
 1c4:	3301      	adds	r3, #1
 1c6:	60fb      	str	r3, [r7, #12]
 1c8:	68fa      	ldr	r2, [r7, #12]
 1ca:	687b      	ldr	r3, [r7, #4]
 1cc:	429a      	cmp	r2, r3
 1ce:	dbf8      	blt.n	1c2 <Delay+0xe>
    for(int32_t i=0; i<delayNumber; i++);
 1d0:	2300      	movs	r3, #0
 1d2:	60bb      	str	r3, [r7, #8]
 1d4:	e002      	b.n	1dc <Delay+0x28>
 1d6:	68bb      	ldr	r3, [r7, #8]
 1d8:	3301      	adds	r3, #1
 1da:	60bb      	str	r3, [r7, #8]
 1dc:	68ba      	ldr	r2, [r7, #8]
 1de:	687b      	ldr	r3, [r7, #4]
 1e0:	429a      	cmp	r2, r3
 1e2:	dbf8      	blt.n	1d6 <Delay+0x22>
}
 1e4:	46c0      	nop			@ (mov r8, r8)
 1e6:	46c0      	nop			@ (mov r8, r8)
 1e8:	46bd      	mov	sp, r7
 1ea:	b004      	add	sp, #16
 1ec:	bd80      	pop	{r7, pc}

000001ee <srss_interrupt_wdt_IRQHandler>:

void srss_interrupt_wdt_IRQHandler(void)
{
 1ee:	b580      	push	{r7, lr}
 1f0:	b082      	sub	sp, #8
 1f2:	af00      	add	r7, sp, #0
    dbg_match  = WDT_MATCH_REG;
 1f4:	4b18      	ldr	r3, [pc, #96]	@ (258 <__HEAP_SIZE+0x58>)
 1f6:	681a      	ldr	r2, [r3, #0]
 1f8:	4b18      	ldr	r3, [pc, #96]	@ (25c <__HEAP_SIZE+0x5c>)
 1fa:	601a      	str	r2, [r3, #0]
    SRSS_INTR_REG = 1u;
 1fc:	4b18      	ldr	r3, [pc, #96]	@ (260 <__HEAP_SIZE+0x60>)
 1fe:	2201      	movs	r2, #1
 200:	601a      	str	r2, [r3, #0]

    wdt_count++;
 202:	4b18      	ldr	r3, [pc, #96]	@ (264 <__HEAP_SIZE+0x64>)
 204:	681b      	ldr	r3, [r3, #0]
 206:	1c5a      	adds	r2, r3, #1
 208:	4b16      	ldr	r3, [pc, #88]	@ (264 <__HEAP_SIZE+0x64>)
 20a:	601a      	str	r2, [r3, #0]
    GPIO_Inv((GPIO_PRT_Type *)CYREG_GPIO_PRT1_DR, 2u);
 20c:	4b16      	ldr	r3, [pc, #88]	@ (268 <__HEAP_SIZE+0x68>)
 20e:	2102      	movs	r1, #2
 210:	0018      	movs	r0, r3
 212:	f000 f897 	bl	344 <GPIO_Inv>
    Delay(100000);
 216:	4b15      	ldr	r3, [pc, #84]	@ (26c <__HEAP_SIZE+0x6c>)
 218:	0018      	movs	r0, r3
 21a:	f7ff ffcb 	bl	1b4 <Delay>
    GPIO_Inv((GPIO_PRT_Type *)CYREG_GPIO_PRT1_DR, 2u);
 21e:	4b12      	ldr	r3, [pc, #72]	@ (268 <__HEAP_SIZE+0x68>)
 220:	2102      	movs	r1, #2
 222:	0018      	movs	r0, r3
 224:	f000 f88e 	bl	344 <GPIO_Inv>
    Delay(100000);
 228:	4b10      	ldr	r3, [pc, #64]	@ (26c <__HEAP_SIZE+0x6c>)
 22a:	0018      	movs	r0, r3
 22c:	f7ff ffc2 	bl	1b4 <Delay>

    uint32_t match = WDT_MATCH_REG & 0xFFFF;
 230:	4b09      	ldr	r3, [pc, #36]	@ (258 <__HEAP_SIZE+0x58>)
 232:	681b      	ldr	r3, [r3, #0]
 234:	041b      	lsls	r3, r3, #16
 236:	0c1b      	lsrs	r3, r3, #16
 238:	607b      	str	r3, [r7, #4]
    match = (match + WDT_TIMEOUT_COUNT) & 0xFFFF;
 23a:	687b      	ldr	r3, [r7, #4]
 23c:	4a0c      	ldr	r2, [pc, #48]	@ (270 <__HEAP_SIZE+0x70>)
 23e:	4694      	mov	ip, r2
 240:	4463      	add	r3, ip
 242:	041b      	lsls	r3, r3, #16
 244:	0c1b      	lsrs	r3, r3, #16
 246:	607b      	str	r3, [r7, #4]

    WDT_MATCH_REG = match;  
 248:	4b03      	ldr	r3, [pc, #12]	@ (258 <__HEAP_SIZE+0x58>)
 24a:	687a      	ldr	r2, [r7, #4]
 24c:	601a      	str	r2, [r3, #0]
}
 24e:	46c0      	nop			@ (mov r8, r8)
 250:	46bd      	mov	sp, r7
 252:	b002      	add	sp, #8
 254:	bd80      	pop	{r7, pc}
 256:	46c0      	nop			@ (mov r8, r8)
 258:	40030040 	.word	0x40030040
 25c:	20000004 	.word	0x20000004
 260:	40030044 	.word	0x40030044
 264:	20000000 	.word	0x20000000
 268:	40040100 	.word	0x40040100
 26c:	000186a0 	.word	0x000186a0
 270:	00009c40 	.word	0x00009c40

00000274 <ioss_interrupts_gpio_3_IRQHandler>:

void ioss_interrupts_gpio_3_IRQHandler(void)
{
 274:	b580      	push	{r7, lr}
 276:	af00      	add	r7, sp, #0

    GPIO_ClearInterrupt((GPIO_PRT_Type *)CYREG_GPIO_PRT3_DR, 7u);
 278:	4b0a      	ldr	r3, [pc, #40]	@ (2a4 <ioss_interrupts_gpio_3_IRQHandler+0x30>)
 27a:	2107      	movs	r1, #7
 27c:	0018      	movs	r0, r3
 27e:	f000 f935 	bl	4ec <GPIO_ClearInterrupt>
    Delay(20000);
 282:	4b09      	ldr	r3, [pc, #36]	@ (2a8 <ioss_interrupts_gpio_3_IRQHandler+0x34>)
 284:	0018      	movs	r0, r3
 286:	f7ff ff95 	bl	1b4 <Delay>

    if((GPIO_Read((GPIO_PRT_Type *)CYREG_GPIO_PRT3_DR, 7u) == 0u))
 28a:	4b06      	ldr	r3, [pc, #24]	@ (2a4 <ioss_interrupts_gpio_3_IRQHandler+0x30>)
 28c:	2107      	movs	r1, #7
 28e:	0018      	movs	r0, r3
 290:	f000 f866 	bl	360 <GPIO_Read>
    {
        // GPIO_Inv((GPIO_PRT_Type *)CYREG_GPIO_PRT2_DR, 2u);
    }  

    *(volatile uint32_t *)0x70000000 = 0x12345678;
 294:	23e0      	movs	r3, #224	@ 0xe0
 296:	05db      	lsls	r3, r3, #23
 298:	4a04      	ldr	r2, [pc, #16]	@ (2ac <ioss_interrupts_gpio_3_IRQHandler+0x38>)
 29a:	601a      	str	r2, [r3, #0]
    // while(1);

}
 29c:	46c0      	nop			@ (mov r8, r8)
 29e:	46bd      	mov	sp, r7
 2a0:	bd80      	pop	{r7, pc}
 2a2:	46c0      	nop			@ (mov r8, r8)
 2a4:	40040300 	.word	0x40040300
 2a8:	00004e20 	.word	0x00004e20
 2ac:	12345678 	.word	0x12345678

000002b0 <ioss_interrupts_gpio_2_IRQHandler>:

void ioss_interrupts_gpio_2_IRQHandler(void)
{
 2b0:	b580      	push	{r7, lr}
 2b2:	af00      	add	r7, sp, #0

    GPIO_ClearInterrupt((GPIO_PRT_Type *)CYREG_GPIO_PRT2_DR, 0u);
 2b4:	4b12      	ldr	r3, [pc, #72]	@ (300 <ioss_interrupts_gpio_2_IRQHandler+0x50>)
 2b6:	2100      	movs	r1, #0
 2b8:	0018      	movs	r0, r3
 2ba:	f000 f917 	bl	4ec <GPIO_ClearInterrupt>
    Delay(20000);
 2be:	4b11      	ldr	r3, [pc, #68]	@ (304 <ioss_interrupts_gpio_2_IRQHandler+0x54>)
 2c0:	0018      	movs	r0, r3
 2c2:	f7ff ff77 	bl	1b4 <Delay>

    if((GPIO_Read((GPIO_PRT_Type *)CYREG_GPIO_PRT2_DR, 0u) == 0u))
 2c6:	4b0e      	ldr	r3, [pc, #56]	@ (300 <ioss_interrupts_gpio_2_IRQHandler+0x50>)
 2c8:	2100      	movs	r1, #0
 2ca:	0018      	movs	r0, r3
 2cc:	f000 f848 	bl	360 <GPIO_Read>
 2d0:	1e03      	subs	r3, r0, #0
 2d2:	d111      	bne.n	2f8 <ioss_interrupts_gpio_2_IRQHandler+0x48>
    {
        GPIO_Inv((GPIO_PRT_Type *)CYREG_GPIO_PRT2_DR, 2u);
 2d4:	4b0a      	ldr	r3, [pc, #40]	@ (300 <ioss_interrupts_gpio_2_IRQHandler+0x50>)
 2d6:	2102      	movs	r1, #2
 2d8:	0018      	movs	r0, r3
 2da:	f000 f833 	bl	344 <GPIO_Inv>
        Delay(100000);
 2de:	4b0a      	ldr	r3, [pc, #40]	@ (308 <ioss_interrupts_gpio_2_IRQHandler+0x58>)
 2e0:	0018      	movs	r0, r3
 2e2:	f7ff ff67 	bl	1b4 <Delay>
        GPIO_Inv((GPIO_PRT_Type *)CYREG_GPIO_PRT2_DR, 2u);
 2e6:	4b06      	ldr	r3, [pc, #24]	@ (300 <ioss_interrupts_gpio_2_IRQHandler+0x50>)
 2e8:	2102      	movs	r1, #2
 2ea:	0018      	movs	r0, r3
 2ec:	f000 f82a 	bl	344 <GPIO_Inv>
        Delay(100000);
 2f0:	4b05      	ldr	r3, [pc, #20]	@ (308 <ioss_interrupts_gpio_2_IRQHandler+0x58>)
 2f2:	0018      	movs	r0, r3
 2f4:	f7ff ff5e 	bl	1b4 <Delay>
    }  

 2f8:	46c0      	nop			@ (mov r8, r8)
 2fa:	46bd      	mov	sp, r7
 2fc:	bd80      	pop	{r7, pc}
 2fe:	46c0      	nop			@ (mov r8, r8)
 300:	40040200 	.word	0x40040200
 304:	00004e20 	.word	0x00004e20
 308:	000186a0 	.word	0x000186a0

0000030c <GPIO_Set>:
#include <stdint.h>
#include "gpio.h"

void GPIO_Set(GPIO_PRT_Type* base, uint32_t pinNum)
{
 30c:	b580      	push	{r7, lr}
 30e:	b082      	sub	sp, #8
 310:	af00      	add	r7, sp, #0
 312:	6078      	str	r0, [r7, #4]
 314:	6039      	str	r1, [r7, #0]
    GPIO_PRT_OUT_SET(base) = GPIO_DR_MASK << pinNum;
 316:	2201      	movs	r2, #1
 318:	683b      	ldr	r3, [r7, #0]
 31a:	409a      	lsls	r2, r3
 31c:	687b      	ldr	r3, [r7, #4]
 31e:	641a      	str	r2, [r3, #64]	@ 0x40
}
 320:	46c0      	nop			@ (mov r8, r8)
 322:	46bd      	mov	sp, r7
 324:	b002      	add	sp, #8
 326:	bd80      	pop	{r7, pc}

00000328 <GPIO_Clr>:

void GPIO_Clr(GPIO_PRT_Type* base, uint32_t pinNum)
{
 328:	b580      	push	{r7, lr}
 32a:	b082      	sub	sp, #8
 32c:	af00      	add	r7, sp, #0
 32e:	6078      	str	r0, [r7, #4]
 330:	6039      	str	r1, [r7, #0]
    GPIO_PRT_OUT_CLR(base) = GPIO_DR_MASK << pinNum;
 332:	2201      	movs	r2, #1
 334:	683b      	ldr	r3, [r7, #0]
 336:	409a      	lsls	r2, r3
 338:	687b      	ldr	r3, [r7, #4]
 33a:	645a      	str	r2, [r3, #68]	@ 0x44
}
 33c:	46c0      	nop			@ (mov r8, r8)
 33e:	46bd      	mov	sp, r7
 340:	b002      	add	sp, #8
 342:	bd80      	pop	{r7, pc}

00000344 <GPIO_Inv>:

void GPIO_Inv(GPIO_PRT_Type* base, uint32_t pinNum)
{
 344:	b580      	push	{r7, lr}
 346:	b082      	sub	sp, #8
 348:	af00      	add	r7, sp, #0
 34a:	6078      	str	r0, [r7, #4]
 34c:	6039      	str	r1, [r7, #0]
    GPIO_PRT_OUT_INV(base) = GPIO_DR_MASK << pinNum;
 34e:	2201      	movs	r2, #1
 350:	683b      	ldr	r3, [r7, #0]
 352:	409a      	lsls	r2, r3
 354:	687b      	ldr	r3, [r7, #4]
 356:	649a      	str	r2, [r3, #72]	@ 0x48
}
 358:	46c0      	nop			@ (mov r8, r8)
 35a:	46bd      	mov	sp, r7
 35c:	b002      	add	sp, #8
 35e:	bd80      	pop	{r7, pc}

00000360 <GPIO_Read>:

uint32_t GPIO_Read(GPIO_PRT_Type* base, uint32_t pinNum)
{
 360:	b580      	push	{r7, lr}
 362:	b082      	sub	sp, #8
 364:	af00      	add	r7, sp, #0
 366:	6078      	str	r0, [r7, #4]
 368:	6039      	str	r1, [r7, #0]
    return (GPIO_PRT_IN(base) >> (pinNum)) & GPIO_PS_MASK;
 36a:	687b      	ldr	r3, [r7, #4]
 36c:	685a      	ldr	r2, [r3, #4]
 36e:	683b      	ldr	r3, [r7, #0]
 370:	40da      	lsrs	r2, r3
 372:	0013      	movs	r3, r2
 374:	2201      	movs	r2, #1
 376:	4013      	ands	r3, r2
}
 378:	0018      	movs	r0, r3
 37a:	46bd      	mov	sp, r7
 37c:	b002      	add	sp, #8
 37e:	bd80      	pop	{r7, pc}

00000380 <GPIO_SetDrivemode>:

void GPIO_SetDrivemode(GPIO_PRT_Type* base, uint32_t pinNum, uint32_t value)
{
 380:	b580      	push	{r7, lr}
 382:	b086      	sub	sp, #24
 384:	af00      	add	r7, sp, #0
 386:	60f8      	str	r0, [r7, #12]
 388:	60b9      	str	r1, [r7, #8]
 38a:	607a      	str	r2, [r7, #4]
    uint32_t tempReg;
    uint32_t pinLoc;

    pinLoc = pinNum * GPIO_DRIVE_MODE_OFFSET;
 38c:	68ba      	ldr	r2, [r7, #8]
 38e:	0013      	movs	r3, r2
 390:	005b      	lsls	r3, r3, #1
 392:	189b      	adds	r3, r3, r2
 394:	617b      	str	r3, [r7, #20]
    tempReg = ((((GPIO_PRT_Type*)(base))->PC) & ~(GPIO_PC_DM_MASK << pinLoc));
 396:	68fb      	ldr	r3, [r7, #12]
 398:	689b      	ldr	r3, [r3, #8]
 39a:	2107      	movs	r1, #7
 39c:	697a      	ldr	r2, [r7, #20]
 39e:	4091      	lsls	r1, r2
 3a0:	000a      	movs	r2, r1
 3a2:	43d2      	mvns	r2, r2
 3a4:	4013      	ands	r3, r2
 3a6:	613b      	str	r3, [r7, #16]
    (((GPIO_PRT_Type*)(base))->PC) = tempReg | ((value & GPIO_PC_DM_MASK) << pinLoc);
 3a8:	687b      	ldr	r3, [r7, #4]
 3aa:	2207      	movs	r2, #7
 3ac:	401a      	ands	r2, r3
 3ae:	697b      	ldr	r3, [r7, #20]
 3b0:	409a      	lsls	r2, r3
 3b2:	693b      	ldr	r3, [r7, #16]
 3b4:	431a      	orrs	r2, r3
 3b6:	68fb      	ldr	r3, [r7, #12]
 3b8:	609a      	str	r2, [r3, #8]

    tempReg = ((((GPIO_PRT_Type*)(base))->PC2) & ~(GPIO_PC_DM_IBUF_MASK << pinNum));
 3ba:	68fb      	ldr	r3, [r7, #12]
 3bc:	699b      	ldr	r3, [r3, #24]
 3be:	2101      	movs	r1, #1
 3c0:	68ba      	ldr	r2, [r7, #8]
 3c2:	4091      	lsls	r1, r2
 3c4:	000a      	movs	r2, r1
 3c6:	43d2      	mvns	r2, r2
 3c8:	4013      	ands	r3, r2
 3ca:	613b      	str	r3, [r7, #16]
    (((GPIO_PRT_Type*)(base))->PC2) = tempReg | (((value & GPIO_DM_VAL_IBUF_DISABLE_MASK) >> GPIO_DRIVE_MODE_OFFSET) << pinNum);
 3cc:	687b      	ldr	r3, [r7, #4]
 3ce:	08db      	lsrs	r3, r3, #3
 3d0:	2201      	movs	r2, #1
 3d2:	401a      	ands	r2, r3
 3d4:	68bb      	ldr	r3, [r7, #8]
 3d6:	409a      	lsls	r2, r3
 3d8:	693b      	ldr	r3, [r7, #16]
 3da:	431a      	orrs	r2, r3
 3dc:	68fb      	ldr	r3, [r7, #12]
 3de:	619a      	str	r2, [r3, #24]
}
 3e0:	46c0      	nop			@ (mov r8, r8)
 3e2:	46bd      	mov	sp, r7
 3e4:	b006      	add	sp, #24
 3e6:	bd80      	pop	{r7, pc}

000003e8 <GPIO_SetHSIOM>:

void GPIO_SetHSIOM(const GPIO_PRT_Type* base, uint32_t pinNum, uint8_t value)
{
 3e8:	b580      	push	{r7, lr}
 3ea:	b088      	sub	sp, #32
 3ec:	af00      	add	r7, sp, #0
 3ee:	60f8      	str	r0, [r7, #12]
 3f0:	60b9      	str	r1, [r7, #8]
 3f2:	1dfb      	adds	r3, r7, #7
 3f4:	701a      	strb	r2, [r3, #0]
    uint32_t portNum;
    uint32_t tempReg;
    HSIOM_PRT_Type* portAddrHSIOM;

    portNum = ((uint32_t)(base) - 0x40040000UL) / 0x00000100UL;
 3f6:	68fb      	ldr	r3, [r7, #12]
 3f8:	4a11      	ldr	r2, [pc, #68]	@ (440 <GPIO_SetHSIOM+0x58>)
 3fa:	4694      	mov	ip, r2
 3fc:	4463      	add	r3, ip
 3fe:	0a1b      	lsrs	r3, r3, #8
 400:	61fb      	str	r3, [r7, #28]
    portAddrHSIOM = (HSIOM_PRT_Type*)(0x40020000UL + (0x00000100UL * portNum));
 402:	69fb      	ldr	r3, [r7, #28]
 404:	4a0f      	ldr	r2, [pc, #60]	@ (444 <GPIO_SetHSIOM+0x5c>)
 406:	4694      	mov	ip, r2
 408:	4463      	add	r3, ip
 40a:	021b      	lsls	r3, r3, #8
 40c:	61bb      	str	r3, [r7, #24]

    tempReg = (((HSIOM_PRT_Type *)(portAddrHSIOM))->PORT_SEL) & ~(GPIO_HSIOM_MASK << (pinNum << GPIO_HSIOM_OFFSET));
 40e:	69bb      	ldr	r3, [r7, #24]
 410:	681b      	ldr	r3, [r3, #0]
 412:	68ba      	ldr	r2, [r7, #8]
 414:	0092      	lsls	r2, r2, #2
 416:	210f      	movs	r1, #15
 418:	4091      	lsls	r1, r2
 41a:	000a      	movs	r2, r1
 41c:	43d2      	mvns	r2, r2
 41e:	4013      	ands	r3, r2
 420:	617b      	str	r3, [r7, #20]
    (((HSIOM_PRT_Type *)(portAddrHSIOM))->PORT_SEL) = tempReg | (( (uint32_t) value & GPIO_HSIOM_MASK) << (pinNum << GPIO_HSIOM_OFFSET));
 422:	1dfb      	adds	r3, r7, #7
 424:	781b      	ldrb	r3, [r3, #0]
 426:	220f      	movs	r2, #15
 428:	401a      	ands	r2, r3
 42a:	68bb      	ldr	r3, [r7, #8]
 42c:	009b      	lsls	r3, r3, #2
 42e:	409a      	lsls	r2, r3
 430:	697b      	ldr	r3, [r7, #20]
 432:	431a      	orrs	r2, r3
 434:	69bb      	ldr	r3, [r7, #24]
 436:	601a      	str	r2, [r3, #0]
}
 438:	46c0      	nop			@ (mov r8, r8)
 43a:	46bd      	mov	sp, r7
 43c:	b008      	add	sp, #32
 43e:	bd80      	pop	{r7, pc}
 440:	bffc0000 	.word	0xbffc0000
 444:	00400200 	.word	0x00400200

00000448 <GPIO_SetInterruptEdge>:

void GPIO_SetInterruptEdge(GPIO_PRT_Type* base, uint32_t pinNum, uint32_t value)
{
 448:	b580      	push	{r7, lr}
 44a:	b086      	sub	sp, #24
 44c:	af00      	add	r7, sp, #0
 44e:	60f8      	str	r0, [r7, #12]
 450:	60b9      	str	r1, [r7, #8]
 452:	607a      	str	r2, [r7, #4]
    uint32_t tempReg;
    uint32_t pinLoc;

    pinLoc = pinNum << 0x1u;
 454:	68bb      	ldr	r3, [r7, #8]
 456:	005b      	lsls	r3, r3, #1
 458:	617b      	str	r3, [r7, #20]
    tempReg = (((GPIO_PRT_Type*)(base))->INTR_CFG) & ~(0x3u << pinLoc);
 45a:	68fb      	ldr	r3, [r7, #12]
 45c:	68db      	ldr	r3, [r3, #12]
 45e:	2103      	movs	r1, #3
 460:	697a      	ldr	r2, [r7, #20]
 462:	4091      	lsls	r1, r2
 464:	000a      	movs	r2, r1
 466:	43d2      	mvns	r2, r2
 468:	4013      	ands	r3, r2
 46a:	613b      	str	r3, [r7, #16]
    (((GPIO_PRT_Type*)(base))->INTR_CFG) = tempReg | ((value & 0x3u) << pinLoc);
 46c:	687b      	ldr	r3, [r7, #4]
 46e:	2203      	movs	r2, #3
 470:	401a      	ands	r2, r3
 472:	697b      	ldr	r3, [r7, #20]
 474:	409a      	lsls	r2, r3
 476:	693b      	ldr	r3, [r7, #16]
 478:	431a      	orrs	r2, r3
 47a:	68fb      	ldr	r3, [r7, #12]
 47c:	60da      	str	r2, [r3, #12]
}
 47e:	46c0      	nop			@ (mov r8, r8)
 480:	46bd      	mov	sp, r7
 482:	b006      	add	sp, #24
 484:	bd80      	pop	{r7, pc}

00000486 <GPIO_Pin_Init>:

void GPIO_Pin_Init(GPIO_PRT_Type *base, uint32_t pinNum, const gpio_pin_config_t *config, uint8_t hsiom)
{
 486:	b580      	push	{r7, lr}
 488:	b084      	sub	sp, #16
 48a:	af00      	add	r7, sp, #0
 48c:	60f8      	str	r0, [r7, #12]
 48e:	60b9      	str	r1, [r7, #8]
 490:	607a      	str	r2, [r7, #4]
 492:	001a      	movs	r2, r3
 494:	1cfb      	adds	r3, r7, #3
 496:	701a      	strb	r2, [r3, #0]
    ((config -> outVal) == 0) ? GPIO_Clr(base, pinNum) : GPIO_Set(base, pinNum);
 498:	687b      	ldr	r3, [r7, #4]
 49a:	681b      	ldr	r3, [r3, #0]
 49c:	2b00      	cmp	r3, #0
 49e:	d106      	bne.n	4ae <GPIO_Pin_Init+0x28>
 4a0:	68ba      	ldr	r2, [r7, #8]
 4a2:	68fb      	ldr	r3, [r7, #12]
 4a4:	0011      	movs	r1, r2
 4a6:	0018      	movs	r0, r3
 4a8:	f7ff ff3e 	bl	328 <GPIO_Clr>
 4ac:	e005      	b.n	4ba <GPIO_Pin_Init+0x34>
 4ae:	68ba      	ldr	r2, [r7, #8]
 4b0:	68fb      	ldr	r3, [r7, #12]
 4b2:	0011      	movs	r1, r2
 4b4:	0018      	movs	r0, r3
 4b6:	f7ff ff29 	bl	30c <GPIO_Set>
    GPIO_SetDrivemode(base, pinNum, config->driveMode);
 4ba:	687b      	ldr	r3, [r7, #4]
 4bc:	685a      	ldr	r2, [r3, #4]
 4be:	68b9      	ldr	r1, [r7, #8]
 4c0:	68fb      	ldr	r3, [r7, #12]
 4c2:	0018      	movs	r0, r3
 4c4:	f7ff ff5c 	bl	380 <GPIO_SetDrivemode>
    GPIO_SetHSIOM(base, pinNum, hsiom);
 4c8:	1cfb      	adds	r3, r7, #3
 4ca:	781a      	ldrb	r2, [r3, #0]
 4cc:	68b9      	ldr	r1, [r7, #8]
 4ce:	68fb      	ldr	r3, [r7, #12]
 4d0:	0018      	movs	r0, r3
 4d2:	f7ff ff89 	bl	3e8 <GPIO_SetHSIOM>
    GPIO_SetInterruptEdge(base, pinNum, config->intEdge);
 4d6:	687b      	ldr	r3, [r7, #4]
 4d8:	689a      	ldr	r2, [r3, #8]
 4da:	68b9      	ldr	r1, [r7, #8]
 4dc:	68fb      	ldr	r3, [r7, #12]
 4de:	0018      	movs	r0, r3
 4e0:	f7ff ffb2 	bl	448 <GPIO_SetInterruptEdge>
}
 4e4:	46c0      	nop			@ (mov r8, r8)
 4e6:	46bd      	mov	sp, r7
 4e8:	b004      	add	sp, #16
 4ea:	bd80      	pop	{r7, pc}

000004ec <GPIO_ClearInterrupt>:

void GPIO_ClearInterrupt(GPIO_PRT_Type* base, uint32_t pinNum)
{
 4ec:	b580      	push	{r7, lr}
 4ee:	b082      	sub	sp, #8
 4f0:	af00      	add	r7, sp, #0
 4f2:	6078      	str	r0, [r7, #4]
 4f4:	6039      	str	r1, [r7, #0]
    /* Any INTR MMIO registers AHB clearing must be preceded with an AHB read access */
    (void)(((GPIO_PRT_Type*)(base))->INTR);
 4f6:	687b      	ldr	r3, [r7, #4]
 4f8:	691b      	ldr	r3, [r3, #16]

    (((GPIO_PRT_Type*)(base))->INTR) = (0x01UL) << pinNum;
 4fa:	2201      	movs	r2, #1
 4fc:	683b      	ldr	r3, [r7, #0]
 4fe:	409a      	lsls	r2, r3
 500:	687b      	ldr	r3, [r7, #4]
 502:	611a      	str	r2, [r3, #16]

    /* This read ensures that the initial write has been flushed out to the hardware */
    (void)(((GPIO_PRT_Type*)(base))->INTR);
 504:	687b      	ldr	r3, [r7, #4]
 506:	691b      	ldr	r3, [r3, #16]
 508:	46c0      	nop			@ (mov r8, r8)
 50a:	46bd      	mov	sp, r7
 50c:	b002      	add	sp, #8
 50e:	bd80      	pop	{r7, pc}

00000510 <enable_irq>:
#include "cmsis_gcc.h"
#include <stdint.h>

void enable_irq(void)
{
 510:	b580      	push	{r7, lr}
 512:	af00      	add	r7, sp, #0
  __asm volatile ("cpsie i" : : : "memory");
 514:	b662      	cpsie	i
}
 516:	46c0      	nop			@ (mov r8, r8)
 518:	46bd      	mov	sp, r7
 51a:	bd80      	pop	{r7, pc}

0000051c <NVIC_SetPriority>:

void NVIC_SetPriority(uint32_t IRQn, uint32_t priority)
{
 51c:	b580      	push	{r7, lr}
 51e:	b082      	sub	sp, #8
 520:	af00      	add	r7, sp, #0
 522:	6078      	str	r0, [r7, #4]
 524:	6039      	str	r1, [r7, #0]
  if ((int32_t)(IRQn) >= 0)
 526:	687b      	ldr	r3, [r7, #4]
 528:	2b00      	cmp	r3, #0
 52a:	db1f      	blt.n	56c <NVIC_SetPriority+0x50>
  {
    NVIC->IP[_IP_IDX(IRQn)]  = ((uint32_t)(NVIC->IP[_IP_IDX(IRQn)]  & ~(0xFFUL << _BIT_SHIFT(IRQn))) |
 52c:	4a11      	ldr	r2, [pc, #68]	@ (574 <NVIC_SetPriority+0x58>)
 52e:	687b      	ldr	r3, [r7, #4]
 530:	089b      	lsrs	r3, r3, #2
 532:	33c0      	adds	r3, #192	@ 0xc0
 534:	009b      	lsls	r3, r3, #2
 536:	589b      	ldr	r3, [r3, r2]
 538:	687a      	ldr	r2, [r7, #4]
 53a:	2103      	movs	r1, #3
 53c:	400a      	ands	r2, r1
 53e:	00d2      	lsls	r2, r2, #3
 540:	21ff      	movs	r1, #255	@ 0xff
 542:	4091      	lsls	r1, r2
 544:	000a      	movs	r2, r1
 546:	43d2      	mvns	r2, r2
 548:	401a      	ands	r2, r3
 54a:	0011      	movs	r1, r2
       (((priority << (8U - 2)) & (uint32_t)0xFFUL) << _BIT_SHIFT(IRQn)));
 54c:	683b      	ldr	r3, [r7, #0]
 54e:	019b      	lsls	r3, r3, #6
 550:	22ff      	movs	r2, #255	@ 0xff
 552:	401a      	ands	r2, r3
 554:	687b      	ldr	r3, [r7, #4]
 556:	2003      	movs	r0, #3
 558:	4003      	ands	r3, r0
 55a:	00db      	lsls	r3, r3, #3
 55c:	409a      	lsls	r2, r3
    NVIC->IP[_IP_IDX(IRQn)]  = ((uint32_t)(NVIC->IP[_IP_IDX(IRQn)]  & ~(0xFFUL << _BIT_SHIFT(IRQn))) |
 55e:	4805      	ldr	r0, [pc, #20]	@ (574 <NVIC_SetPriority+0x58>)
 560:	687b      	ldr	r3, [r7, #4]
 562:	089b      	lsrs	r3, r3, #2
 564:	430a      	orrs	r2, r1
 566:	33c0      	adds	r3, #192	@ 0xc0
 568:	009b      	lsls	r3, r3, #2
 56a:	501a      	str	r2, [r3, r0]
  }

}
 56c:	46c0      	nop			@ (mov r8, r8)
 56e:	46bd      	mov	sp, r7
 570:	b002      	add	sp, #8
 572:	bd80      	pop	{r7, pc}
 574:	e000e100 	.word	0xe000e100

00000578 <NVIC_ClearPendingIRQ>:

void NVIC_ClearPendingIRQ(uint32_t IRQn)
{
 578:	b580      	push	{r7, lr}
 57a:	b082      	sub	sp, #8
 57c:	af00      	add	r7, sp, #0
 57e:	6078      	str	r0, [r7, #4]
  if ((int32_t)(IRQn) >= 0)
 580:	687b      	ldr	r3, [r7, #4]
 582:	2b00      	cmp	r3, #0
 584:	db08      	blt.n	598 <NVIC_ClearPendingIRQ+0x20>
  {
    NVIC->ICPR[0U] = (uint32_t)(1UL << (((uint32_t)IRQn) & 0x1FUL));
 586:	687b      	ldr	r3, [r7, #4]
 588:	221f      	movs	r2, #31
 58a:	4013      	ands	r3, r2
 58c:	4904      	ldr	r1, [pc, #16]	@ (5a0 <NVIC_ClearPendingIRQ+0x28>)
 58e:	2201      	movs	r2, #1
 590:	409a      	lsls	r2, r3
 592:	23c0      	movs	r3, #192	@ 0xc0
 594:	005b      	lsls	r3, r3, #1
 596:	50ca      	str	r2, [r1, r3]
  }
}
 598:	46c0      	nop			@ (mov r8, r8)
 59a:	46bd      	mov	sp, r7
 59c:	b002      	add	sp, #8
 59e:	bd80      	pop	{r7, pc}
 5a0:	e000e100 	.word	0xe000e100

000005a4 <NVIC_EnableIRQ>:

void NVIC_EnableIRQ(uint32_t IRQn)
{
 5a4:	b580      	push	{r7, lr}
 5a6:	b082      	sub	sp, #8
 5a8:	af00      	add	r7, sp, #0
 5aa:	6078      	str	r0, [r7, #4]
  if ((int32_t)(IRQn) >= 0)
 5ac:	687b      	ldr	r3, [r7, #4]
 5ae:	2b00      	cmp	r3, #0
 5b0:	db07      	blt.n	5c2 <NVIC_EnableIRQ+0x1e>
  {
    __asm volatile("":::"memory");
    NVIC->ISER[0U] = (uint32_t)(1UL << (((uint32_t)IRQn) & 0x1FUL));
 5b2:	687b      	ldr	r3, [r7, #4]
 5b4:	221f      	movs	r2, #31
 5b6:	401a      	ands	r2, r3
 5b8:	4b04      	ldr	r3, [pc, #16]	@ (5cc <NVIC_EnableIRQ+0x28>)
 5ba:	2101      	movs	r1, #1
 5bc:	4091      	lsls	r1, r2
 5be:	000a      	movs	r2, r1
 5c0:	601a      	str	r2, [r3, #0]
    __asm volatile("":::"memory");
  }
}
 5c2:	46c0      	nop			@ (mov r8, r8)
 5c4:	46bd      	mov	sp, r7
 5c6:	b002      	add	sp, #8
 5c8:	bd80      	pop	{r7, pc}
 5ca:	46c0      	nop			@ (mov r8, r8)
 5cc:	e000e100 	.word	0xe000e100

000005d0 <NVIC_DisableIRQ>:

void NVIC_DisableIRQ(uint32_t IRQn)
{
 5d0:	b580      	push	{r7, lr}
 5d2:	b082      	sub	sp, #8
 5d4:	af00      	add	r7, sp, #0
 5d6:	6078      	str	r0, [r7, #4]
  if ((int32_t)(IRQn) >= 0)
 5d8:	687b      	ldr	r3, [r7, #4]
 5da:	2b00      	cmp	r3, #0
 5dc:	db0c      	blt.n	5f8 <NVIC_DisableIRQ+0x28>
  {
    NVIC->ICER[0U] = (uint32_t)(1UL << (((uint32_t)IRQn) & 0x1FUL));
 5de:	687b      	ldr	r3, [r7, #4]
 5e0:	221f      	movs	r2, #31
 5e2:	4013      	ands	r3, r2
 5e4:	4906      	ldr	r1, [pc, #24]	@ (600 <NVIC_DisableIRQ+0x30>)
 5e6:	2201      	movs	r2, #1
 5e8:	409a      	lsls	r2, r3
 5ea:	0013      	movs	r3, r2
 5ec:	2280      	movs	r2, #128	@ 0x80
 5ee:	508b      	str	r3, [r1, r2]
    __asm volatile ("dsb 0xF":::"memory");
 5f0:	f3bf 8f4f 	dsb	sy
    __asm volatile ("isb 0xF":::"memory");
 5f4:	f3bf 8f6f 	isb	sy
  }
 5f8:	46c0      	nop			@ (mov r8, r8)
 5fa:	46bd      	mov	sp, r7
 5fc:	b002      	add	sp, #8
 5fe:	bd80      	pop	{r7, pc}
 600:	e000e100 	.word	0xe000e100

00000604 <_init>:

extern uint32_t __stack_Start__;
extern uint32_t __STACK_START;
extern uint32_t __STACK_END;

extern void _init(void) {;}
 604:	b580      	push	{r7, lr}
 606:	af00      	add	r7, sp, #0
 608:	46c0      	nop			@ (mov r8, r8)
 60a:	46bd      	mov	sp, r7
 60c:	bd80      	pop	{r7, pc}

0000060e <Reset_handler>:
    (uint32_t)can_interrupt_can_IRQHandler,             /*  26 CAN Interrupt */
    (uint32_t)crypto_interrupt_IRQHandler               /*  27 Crypto Interrupt */
};

void Reset_handler(void)
{
 60e:	b580      	push	{r7, lr}
 610:	b086      	sub	sp, #24
 612:	af00      	add	r7, sp, #0
    //disable watchdog
    // (*(uint32_t *) CYREG_WDT_DISABLE_KEY) = CY_SYS_WDT_KEY;

    //copy .data section to SRAM
    uint32_t size = &__data_end - &__data_start;
 614:	4a1b      	ldr	r2, [pc, #108]	@ (684 <Reset_handler+0x76>)
 616:	4b1c      	ldr	r3, [pc, #112]	@ (688 <Reset_handler+0x7a>)
 618:	1ad3      	subs	r3, r2, r3
 61a:	109b      	asrs	r3, r3, #2
 61c:	607b      	str	r3, [r7, #4]
    uint32_t *pDst = (uint32_t*)&__data_start;
 61e:	4b1a      	ldr	r3, [pc, #104]	@ (688 <Reset_handler+0x7a>)
 620:	617b      	str	r3, [r7, #20]
    uint32_t *pSrc = (uint32_t*)&_la_data;
 622:	4b1a      	ldr	r3, [pc, #104]	@ (68c <Reset_handler+0x7e>)
 624:	613b      	str	r3, [r7, #16]

    for(uint32_t i = 0; i< size; i++)
 626:	2300      	movs	r3, #0
 628:	60fb      	str	r3, [r7, #12]
 62a:	e00a      	b.n	642 <Reset_handler+0x34>
    {
        *pDst++ = *pSrc++;
 62c:	693a      	ldr	r2, [r7, #16]
 62e:	1d13      	adds	r3, r2, #4
 630:	613b      	str	r3, [r7, #16]
 632:	697b      	ldr	r3, [r7, #20]
 634:	1d19      	adds	r1, r3, #4
 636:	6179      	str	r1, [r7, #20]
 638:	6812      	ldr	r2, [r2, #0]
 63a:	601a      	str	r2, [r3, #0]
    for(uint32_t i = 0; i< size; i++)
 63c:	68fb      	ldr	r3, [r7, #12]
 63e:	3301      	adds	r3, #1
 640:	60fb      	str	r3, [r7, #12]
 642:	68fa      	ldr	r2, [r7, #12]
 644:	687b      	ldr	r3, [r7, #4]
 646:	429a      	cmp	r2, r3
 648:	d3f0      	bcc.n	62c <Reset_handler+0x1e>
    }
    //int the .bss section to zero in SRAM
    size = &__bss_end__ - &__bss_start__;
 64a:	4a11      	ldr	r2, [pc, #68]	@ (690 <Reset_handler+0x82>)
 64c:	4b11      	ldr	r3, [pc, #68]	@ (694 <Reset_handler+0x86>)
 64e:	1ad3      	subs	r3, r2, r3
 650:	109b      	asrs	r3, r3, #2
 652:	607b      	str	r3, [r7, #4]
    pDst = (uint32_t*)&__bss_start__;
 654:	4b0f      	ldr	r3, [pc, #60]	@ (694 <Reset_handler+0x86>)
 656:	617b      	str	r3, [r7, #20]

    for(uint32_t i = 0; i< size; i++)
 658:	2300      	movs	r3, #0
 65a:	60bb      	str	r3, [r7, #8]
 65c:	e007      	b.n	66e <Reset_handler+0x60>
    {
        *pDst++ = 0;
 65e:	697b      	ldr	r3, [r7, #20]
 660:	1d1a      	adds	r2, r3, #4
 662:	617a      	str	r2, [r7, #20]
 664:	2200      	movs	r2, #0
 666:	601a      	str	r2, [r3, #0]
    for(uint32_t i = 0; i< size; i++)
 668:	68bb      	ldr	r3, [r7, #8]
 66a:	3301      	adds	r3, #1
 66c:	60bb      	str	r3, [r7, #8]
 66e:	68ba      	ldr	r2, [r7, #8]
 670:	687b      	ldr	r3, [r7, #4]
 672:	429a      	cmp	r2, r3
 674:	d3f3      	bcc.n	65e <Reset_handler+0x50>
    }

    // Init C std libs
    __libc_init_array();
 676:	f000 f81d 	bl	6b4 <__libc_init_array>

    //call main()
    main();
 67a:	f7ff fd21 	bl	c0 <main>

    while (1)
 67e:	46c0      	nop			@ (mov r8, r8)
 680:	e7fd      	b.n	67e <Reset_handler+0x70>
 682:	46c0      	nop			@ (mov r8, r8)
 684:	20000000 	.word	0x20000000
 688:	20000000 	.word	0x20000000
 68c:	0000072c 	.word	0x0000072c
 690:	20000008 	.word	0x20000008
 694:	20000000 	.word	0x20000000

00000698 <Default_Handler>:

/*----------------------------------------------------------------------------
  Default Handler for Exceptions / Interrupts
 *----------------------------------------------------------------------------*/
void Default_Handler(void)
{
 698:	b580      	push	{r7, lr}
 69a:	af00      	add	r7, sp, #0
    while(1);
 69c:	46c0      	nop			@ (mov r8, r8)
 69e:	e7fd      	b.n	69c <Default_Handler+0x4>

000006a0 <HRDFLT_Handler>:

/*----------------------------------------------------------------------------
  Default Handler for Hard Fault
 *----------------------------------------------------------------------------*/
void HRDFLT_Handler(void)
{
 6a0:	b580      	push	{r7, lr}
 6a2:	af00      	add	r7, sp, #0
    while (1)
    {
        GPIO_Inv((GPIO_PRT_Type *)0x40040200u, 2u);
 6a4:	4b02      	ldr	r3, [pc, #8]	@ (6b0 <HRDFLT_Handler+0x10>)
 6a6:	2102      	movs	r1, #2
 6a8:	0018      	movs	r0, r3
 6aa:	f7ff fe4b 	bl	344 <GPIO_Inv>
 6ae:	e7f9      	b.n	6a4 <HRDFLT_Handler+0x4>
 6b0:	40040200 	.word	0x40040200

000006b4 <__libc_init_array>:
 6b4:	b570      	push	{r4, r5, r6, lr}
 6b6:	2600      	movs	r6, #0
 6b8:	4c0c      	ldr	r4, [pc, #48]	@ (6ec <__libc_init_array+0x38>)
 6ba:	4d0d      	ldr	r5, [pc, #52]	@ (6f0 <__libc_init_array+0x3c>)
 6bc:	1b64      	subs	r4, r4, r5
 6be:	10a4      	asrs	r4, r4, #2
 6c0:	42a6      	cmp	r6, r4
 6c2:	d109      	bne.n	6d8 <__libc_init_array+0x24>
 6c4:	2600      	movs	r6, #0
 6c6:	f7ff ff9d 	bl	604 <_init>
 6ca:	4c0a      	ldr	r4, [pc, #40]	@ (6f4 <__libc_init_array+0x40>)
 6cc:	4d0a      	ldr	r5, [pc, #40]	@ (6f8 <__libc_init_array+0x44>)
 6ce:	1b64      	subs	r4, r4, r5
 6d0:	10a4      	asrs	r4, r4, #2
 6d2:	42a6      	cmp	r6, r4
 6d4:	d105      	bne.n	6e2 <__libc_init_array+0x2e>
 6d6:	bd70      	pop	{r4, r5, r6, pc}
 6d8:	00b3      	lsls	r3, r6, #2
 6da:	58eb      	ldr	r3, [r5, r3]
 6dc:	4798      	blx	r3
 6de:	3601      	adds	r6, #1
 6e0:	e7ee      	b.n	6c0 <__libc_init_array+0xc>
 6e2:	00b3      	lsls	r3, r6, #2
 6e4:	58eb      	ldr	r3, [r5, r3]
 6e6:	4798      	blx	r3
 6e8:	3601      	adds	r6, #1
 6ea:	e7f2      	b.n	6d2 <__libc_init_array+0x1e>
	...

000006fc <LED10_P2_2_config>:
 6fc:	0001 0000 0006 0000 0000 0000               ............

00000708 <LED8_P1_6_config>:
 708:	0001 0000 0006 0000 0000 0000               ............

00000714 <SW2_P3_7_config>:
 714:	0001 0000 0002 0000 0002 0000               ............

00000720 <SW_LED9_P2_0_config>:
 720:	0001 0000 0002 0000 0002 0000               ............
