Archive member included to satisfy reference by file (symbol)

C:/IFX_EMBEDDED_SYSTEMS/softwares/Arm GNU Toolchain arm-none-eabi/13.2 Rel1/bin/../lib/gcc/arm-none-eabi/13.2.1/thumb/v6-m/nofp\libgcc.a(_udivsi3.o)
                              ./Application_Source/main.o (__aeabi_uidiv)
C:/IFX_EMBEDDED_SYSTEMS/softwares/Arm GNU Toolchain arm-none-eabi/13.2 Rel1/bin/../lib/gcc/arm-none-eabi/13.2.1/thumb/v6-m/nofp\libgcc.a(_dvmd_tls.o)
                              C:/IFX_EMBEDDED_SYSTEMS/softwares/Arm GNU Toolchain arm-none-eabi/13.2 Rel1/bin/../lib/gcc/arm-none-eabi/13.2.1/thumb/v6-m/nofp\libgcc.a(_udivsi3.o) (__aeabi_idiv0)
C:/IFX_EMBEDDED_SYSTEMS/softwares/Arm GNU Toolchain arm-none-eabi/13.2 Rel1/bin/../lib/gcc/arm-none-eabi/13.2.1/thumb/v6-m/nofp\libc_nano.a(libc_a-errno.o)
                              ./Libc_Device_Support/syscalls.o (__errno)
C:/IFX_EMBEDDED_SYSTEMS/softwares/Arm GNU Toolchain arm-none-eabi/13.2 Rel1/bin/../lib/gcc/arm-none-eabi/13.2.1/thumb/v6-m/nofp\libc_nano.a(libc_a-init.o)
                              ./Startup/startup.o (__libc_init_array)
C:/IFX_EMBEDDED_SYSTEMS/softwares/Arm GNU Toolchain arm-none-eabi/13.2 Rel1/bin/../lib/gcc/arm-none-eabi/13.2.1/thumb/v6-m/nofp\libc_nano.a(libc_a-impure.o)
                              C:/IFX_EMBEDDED_SYSTEMS/softwares/Arm GNU Toolchain arm-none-eabi/13.2 Rel1/bin/../lib/gcc/arm-none-eabi/13.2.1/thumb/v6-m/nofp\libc_nano.a(libc_a-errno.o) (_impure_ptr)

Discarded input sections

 .data          0x00000000        0x0 ./Application_Source/main.o
 .data          0x00000000        0x0 ./Device_Drivers/GPIO/gpio.o
 .bss           0x00000000        0x0 ./Device_Drivers/GPIO/gpio.o
 .data          0x00000000        0x0 ./Device_Drivers/CLOCK/peri_clock.o
 .bss           0x00000000        0x0 ./Device_Drivers/CLOCK/peri_clock.o
 .text          0x00000000       0x68 ./Device_Drivers/SYSTICK/systick.o
 .data          0x00000000        0x0 ./Device_Drivers/SYSTICK/systick.o
 .bss           0x00000000        0x0 ./Device_Drivers/SYSTICK/systick.o
 .debug_info    0x00000000       0xda ./Device_Drivers/SYSTICK/systick.o
 .debug_abbrev  0x00000000       0x90 ./Device_Drivers/SYSTICK/systick.o
 .debug_aranges
                0x00000000       0x20 ./Device_Drivers/SYSTICK/systick.o
 .debug_line    0x00000000      0x175 ./Device_Drivers/SYSTICK/systick.o
 .debug_str     0x00000000      0x1a6 ./Device_Drivers/SYSTICK/systick.o
 .comment       0x00000000       0x45 ./Device_Drivers/SYSTICK/systick.o
 .debug_frame   0x00000000       0x50 ./Device_Drivers/SYSTICK/systick.o
 .ARM.attributes
                0x00000000       0x2c ./Device_Drivers/SYSTICK/systick.o
 .data          0x00000000        0x0 ./Device_Drivers/TIMER/tcpwm.o
 .bss           0x00000000        0x0 ./Device_Drivers/TIMER/tcpwm.o
 .data          0x00000000        0x0 ./Device_Drivers/IRQ/irq_mgmt.o
 .bss           0x00000000        0x0 ./Device_Drivers/IRQ/irq_mgmt.o
 .data          0x00000000        0x0 ./Device_Drivers/ADC/adc.o
 .bss           0x00000000        0x0 ./Device_Drivers/ADC/adc.o
 .text          0x00000000        0xa ./Libc_Device_Support/malloc_support.o
 .data          0x00000000        0x0 ./Libc_Device_Support/malloc_support.o
 .bss           0x00000000        0x0 ./Libc_Device_Support/malloc_support.o
 .debug_info    0x00000000       0x39 ./Libc_Device_Support/malloc_support.o
 .debug_abbrev  0x00000000       0x2d ./Libc_Device_Support/malloc_support.o
 .debug_aranges
                0x00000000       0x20 ./Libc_Device_Support/malloc_support.o
 .debug_line    0x00000000       0x5a ./Libc_Device_Support/malloc_support.o
 .debug_str     0x00000000       0xdf ./Libc_Device_Support/malloc_support.o
 .comment       0x00000000       0x45 ./Libc_Device_Support/malloc_support.o
 .debug_frame   0x00000000       0x2c ./Libc_Device_Support/malloc_support.o
 .ARM.attributes
                0x00000000       0x2c ./Libc_Device_Support/malloc_support.o
 .text          0x00000000        0xa ./Libc_Device_Support/printf_support.o
 .data          0x00000000        0x0 ./Libc_Device_Support/printf_support.o
 .bss           0x00000000        0x0 ./Libc_Device_Support/printf_support.o
 .debug_info    0x00000000       0x39 ./Libc_Device_Support/printf_support.o
 .debug_abbrev  0x00000000       0x2d ./Libc_Device_Support/printf_support.o
 .debug_aranges
                0x00000000       0x20 ./Libc_Device_Support/printf_support.o
 .debug_line    0x00000000       0x5a ./Libc_Device_Support/printf_support.o
 .debug_str     0x00000000       0xdf ./Libc_Device_Support/printf_support.o
 .comment       0x00000000       0x45 ./Libc_Device_Support/printf_support.o
 .debug_frame   0x00000000       0x2c ./Libc_Device_Support/printf_support.o
 .ARM.attributes
                0x00000000       0x2c ./Libc_Device_Support/printf_support.o
 .text          0x00000000      0x294 ./Libc_Device_Support/syscalls.o
 .data          0x00000000        0x4 ./Libc_Device_Support/syscalls.o
 .bss           0x00000000        0x8 ./Libc_Device_Support/syscalls.o
 .debug_info    0x00000000      0x711 ./Libc_Device_Support/syscalls.o
 .debug_abbrev  0x00000000      0x1c8 ./Libc_Device_Support/syscalls.o
 .debug_aranges
                0x00000000       0x20 ./Libc_Device_Support/syscalls.o
 .debug_line    0x00000000      0x2d7 ./Libc_Device_Support/syscalls.o
 .debug_str     0x00000000      0x3fa ./Libc_Device_Support/syscalls.o
 .comment       0x00000000       0x45 ./Libc_Device_Support/syscalls.o
 .debug_frame   0x00000000      0x264 ./Libc_Device_Support/syscalls.o
 .ARM.attributes
                0x00000000       0x2c ./Libc_Device_Support/syscalls.o
 .text          0x00000000       0x14 ./Special_Libraries/dsplib.o
 .data          0x00000000        0x0 ./Special_Libraries/dsplib.o
 .bss           0x00000000        0x0 ./Special_Libraries/dsplib.o
 .debug_info    0x00000000       0x47 ./Special_Libraries/dsplib.o
 .debug_abbrev  0x00000000       0x2f ./Special_Libraries/dsplib.o
 .debug_aranges
                0x00000000       0x20 ./Special_Libraries/dsplib.o
 .debug_line    0x00000000       0x56 ./Special_Libraries/dsplib.o
 .debug_str     0x00000000       0xd8 ./Special_Libraries/dsplib.o
 .comment       0x00000000       0x45 ./Special_Libraries/dsplib.o
 .debug_frame   0x00000000       0x48 ./Special_Libraries/dsplib.o
 .ARM.attributes
                0x00000000       0x2c ./Special_Libraries/dsplib.o
 .text          0x00000000       0x54 ./Special_Libraries/reset.o
 .data          0x00000000        0x0 ./Special_Libraries/reset.o
 .bss           0x00000000        0x0 ./Special_Libraries/reset.o
 .debug_info    0x00000000       0xd0 ./Special_Libraries/reset.o
 .debug_abbrev  0x00000000       0x91 ./Special_Libraries/reset.o
 .debug_aranges
                0x00000000       0x20 ./Special_Libraries/reset.o
 .debug_line    0x00000000      0x169 ./Special_Libraries/reset.o
 .debug_str     0x00000000      0x197 ./Special_Libraries/reset.o
 .comment       0x00000000       0x45 ./Special_Libraries/reset.o
 .debug_frame   0x00000000       0x4c ./Special_Libraries/reset.o
 .ARM.attributes
                0x00000000       0x2c ./Special_Libraries/reset.o
 .data          0x00000000        0x0 ./Startup/startup.o
 .bss           0x00000000        0x0 ./Startup/startup.o
 .data          0x00000000        0x0 C:/IFX_EMBEDDED_SYSTEMS/softwares/Arm GNU Toolchain arm-none-eabi/13.2 Rel1/bin/../lib/gcc/arm-none-eabi/13.2.1/thumb/v6-m/nofp\libgcc.a(_udivsi3.o)
 .bss           0x00000000        0x0 C:/IFX_EMBEDDED_SYSTEMS/softwares/Arm GNU Toolchain arm-none-eabi/13.2 Rel1/bin/../lib/gcc/arm-none-eabi/13.2.1/thumb/v6-m/nofp\libgcc.a(_udivsi3.o)
 .data          0x00000000        0x0 C:/IFX_EMBEDDED_SYSTEMS/softwares/Arm GNU Toolchain arm-none-eabi/13.2 Rel1/bin/../lib/gcc/arm-none-eabi/13.2.1/thumb/v6-m/nofp\libgcc.a(_dvmd_tls.o)
 .bss           0x00000000        0x0 C:/IFX_EMBEDDED_SYSTEMS/softwares/Arm GNU Toolchain arm-none-eabi/13.2 Rel1/bin/../lib/gcc/arm-none-eabi/13.2.1/thumb/v6-m/nofp\libgcc.a(_dvmd_tls.o)
 .text          0x00000000        0x0 C:/IFX_EMBEDDED_SYSTEMS/softwares/Arm GNU Toolchain arm-none-eabi/13.2 Rel1/bin/../lib/gcc/arm-none-eabi/13.2.1/thumb/v6-m/nofp\libc_nano.a(libc_a-errno.o)
 .data          0x00000000        0x0 C:/IFX_EMBEDDED_SYSTEMS/softwares/Arm GNU Toolchain arm-none-eabi/13.2 Rel1/bin/../lib/gcc/arm-none-eabi/13.2.1/thumb/v6-m/nofp\libc_nano.a(libc_a-errno.o)
 .bss           0x00000000        0x0 C:/IFX_EMBEDDED_SYSTEMS/softwares/Arm GNU Toolchain arm-none-eabi/13.2 Rel1/bin/../lib/gcc/arm-none-eabi/13.2.1/thumb/v6-m/nofp\libc_nano.a(libc_a-errno.o)
 .text.__errno  0x00000000        0xc C:/IFX_EMBEDDED_SYSTEMS/softwares/Arm GNU Toolchain arm-none-eabi/13.2 Rel1/bin/../lib/gcc/arm-none-eabi/13.2.1/thumb/v6-m/nofp\libc_nano.a(libc_a-errno.o)
 .debug_frame   0x00000000       0x20 C:/IFX_EMBEDDED_SYSTEMS/softwares/Arm GNU Toolchain arm-none-eabi/13.2 Rel1/bin/../lib/gcc/arm-none-eabi/13.2.1/thumb/v6-m/nofp\libc_nano.a(libc_a-errno.o)
 .ARM.attributes
                0x00000000       0x2c C:/IFX_EMBEDDED_SYSTEMS/softwares/Arm GNU Toolchain arm-none-eabi/13.2 Rel1/bin/../lib/gcc/arm-none-eabi/13.2.1/thumb/v6-m/nofp\libc_nano.a(libc_a-errno.o)
 .text          0x00000000        0x0 C:/IFX_EMBEDDED_SYSTEMS/softwares/Arm GNU Toolchain arm-none-eabi/13.2 Rel1/bin/../lib/gcc/arm-none-eabi/13.2.1/thumb/v6-m/nofp\libc_nano.a(libc_a-init.o)
 .data          0x00000000        0x0 C:/IFX_EMBEDDED_SYSTEMS/softwares/Arm GNU Toolchain arm-none-eabi/13.2 Rel1/bin/../lib/gcc/arm-none-eabi/13.2.1/thumb/v6-m/nofp\libc_nano.a(libc_a-init.o)
 .bss           0x00000000        0x0 C:/IFX_EMBEDDED_SYSTEMS/softwares/Arm GNU Toolchain arm-none-eabi/13.2 Rel1/bin/../lib/gcc/arm-none-eabi/13.2.1/thumb/v6-m/nofp\libc_nano.a(libc_a-init.o)
 .text          0x00000000        0x0 C:/IFX_EMBEDDED_SYSTEMS/softwares/Arm GNU Toolchain arm-none-eabi/13.2 Rel1/bin/../lib/gcc/arm-none-eabi/13.2.1/thumb/v6-m/nofp\libc_nano.a(libc_a-impure.o)
 .data          0x00000000        0x0 C:/IFX_EMBEDDED_SYSTEMS/softwares/Arm GNU Toolchain arm-none-eabi/13.2 Rel1/bin/../lib/gcc/arm-none-eabi/13.2.1/thumb/v6-m/nofp\libc_nano.a(libc_a-impure.o)
 .bss           0x00000000        0x0 C:/IFX_EMBEDDED_SYSTEMS/softwares/Arm GNU Toolchain arm-none-eabi/13.2 Rel1/bin/../lib/gcc/arm-none-eabi/13.2.1/thumb/v6-m/nofp\libc_nano.a(libc_a-impure.o)
 .data._impure_ptr
                0x00000000        0x4 C:/IFX_EMBEDDED_SYSTEMS/softwares/Arm GNU Toolchain arm-none-eabi/13.2 Rel1/bin/../lib/gcc/arm-none-eabi/13.2.1/thumb/v6-m/nofp\libc_nano.a(libc_a-impure.o)
 .data._impure_data
                0x00000000       0x4c C:/IFX_EMBEDDED_SYSTEMS/softwares/Arm GNU Toolchain arm-none-eabi/13.2 Rel1/bin/../lib/gcc/arm-none-eabi/13.2.1/thumb/v6-m/nofp\libc_nano.a(libc_a-impure.o)
 .ARM.attributes
                0x00000000       0x2c C:/IFX_EMBEDDED_SYSTEMS/softwares/Arm GNU Toolchain arm-none-eabi/13.2 Rel1/bin/../lib/gcc/arm-none-eabi/13.2.1/thumb/v6-m/nofp\libc_nano.a(libc_a-impure.o)

Memory Configuration

Name             Origin             Length             Attributes
FLASH            0x00000000         0x00020000         xr
RAM              0x20000000         0x00004000         xrw
*default*        0x00000000         0xffffffff

Linker script and memory map

LOAD ./Application_Source/main.o
LOAD ./Device_Drivers/GPIO/gpio.o
LOAD ./Device_Drivers/CLOCK/peri_clock.o
LOAD ./Device_Drivers/SYSTICK/systick.o
LOAD ./Device_Drivers/TIMER/tcpwm.o
LOAD ./Device_Drivers/IRQ/irq_mgmt.o
LOAD ./Device_Drivers/ADC/adc.o
LOAD ./Libc_Device_Support/malloc_support.o
LOAD ./Libc_Device_Support/printf_support.o
LOAD ./Libc_Device_Support/syscalls.o
LOAD ./Special_Libraries/dsplib.o
LOAD ./Special_Libraries/reset.o
LOAD ./Startup/startup.o
START GROUP
LOAD C:/IFX_EMBEDDED_SYSTEMS/softwares/Arm GNU Toolchain arm-none-eabi/13.2 Rel1/bin/../lib/gcc/arm-none-eabi/13.2.1/thumb/v6-m/nofp\libgcc.a
LOAD C:/IFX_EMBEDDED_SYSTEMS/softwares/Arm GNU Toolchain arm-none-eabi/13.2 Rel1/bin/../lib/gcc/arm-none-eabi/13.2.1/thumb/v6-m/nofp\libc_nano.a
END GROUP
START GROUP
LOAD C:/IFX_EMBEDDED_SYSTEMS/softwares/Arm GNU Toolchain arm-none-eabi/13.2 Rel1/bin/../lib/gcc/arm-none-eabi/13.2.1/thumb/v6-m/nofp\libgcc.a
LOAD C:/IFX_EMBEDDED_SYSTEMS/softwares/Arm GNU Toolchain arm-none-eabi/13.2 Rel1/bin/../lib/gcc/arm-none-eabi/13.2.1/thumb/v6-m/nofp\libc_nano.a
LOAD C:/IFX_EMBEDDED_SYSTEMS/softwares/Arm GNU Toolchain arm-none-eabi/13.2 Rel1/bin/../lib/gcc/arm-none-eabi/13.2.1/thumb/v6-m/nofp\libnosys.a
END GROUP
START GROUP
LOAD C:/IFX_EMBEDDED_SYSTEMS/softwares/Arm GNU Toolchain arm-none-eabi/13.2 Rel1/bin/../lib/gcc/arm-none-eabi/13.2.1/thumb/v6-m/nofp\libgcc.a
LOAD C:/IFX_EMBEDDED_SYSTEMS/softwares/Arm GNU Toolchain arm-none-eabi/13.2 Rel1/bin/../lib/gcc/arm-none-eabi/13.2.1/thumb/v6-m/nofp\libc_nano.a
LOAD C:/IFX_EMBEDDED_SYSTEMS/softwares/Arm GNU Toolchain arm-none-eabi/13.2 Rel1/bin/../lib/gcc/arm-none-eabi/13.2.1/thumb/v6-m/nofp\libnosys.a
END GROUP
                0x00000000                        __FLASH_START = 0x0
                0x00020000                        __FLASH_SIZE = 0x20000
                0x20000000                        __RAM_START = 0x20000000
                0x00004000                        __RAM_SIZE = 0x4000
                0x00001000                        __STACK_SIZE = 0x1000
                0x00000200                        __HEAP_SIZE = 0x200
                0x20004000                        __STACK_START = (__RAM_START + __RAM_SIZE)
                0x20003000                        __STACK_END = (__STACK_START - __STACK_SIZE)
                0x20002e00                        __HEAP_START = (__STACK_END - __HEAP_SIZE)
                0x20003000                        __HEAP_END = __STACK_END

.text           0x00000000      0xf00
 *(.isr_vector)
 .isr_vector    0x00000000       0xc0 ./Startup/startup.o
                0x00000000                vector
 *(.user_irq_hdlr)
 *(.text*)
 .text          0x000000c0      0x210 ./Application_Source/main.o
                0x000000c0                main
                0x000001e0                tcpwm_interrupts_2_IRQHandler
                0x00000224                Delay
                0x0000025e                init_peri_Clock_Config
 .text          0x000002d0      0x2e4 ./Device_Drivers/GPIO/gpio.o
                0x000002d0                GPIO_Set
                0x00000304                GPIO_Clr
                0x00000338                GPIO_Inv
                0x0000036c                GPIO_Read
                0x000003a4                GPIO_SetDrivemode
                0x00000424                GPIO_SetHSIOM
                0x000004a0                GPIO_SetInterruptEdge
                0x000004f8                GPIO_Pin_Init
                0x00000578                GPIO_ClearInterrupt
 .text          0x000005b4      0x10c ./Device_Drivers/CLOCK/peri_clock.o
                0x000005b4                PeriClock_DisableDivider
                0x000005fc                PeriClock_EnableDivider
                0x00000644                PeriClock_Set_16_Divider
                0x0000066c                PeriClock_AssignDivider
 .text          0x000006c0      0x2d4 ./Device_Drivers/TIMER/tcpwm.o
                0x000006c0                TCPWM_Init
                0x00000788                TCPWM_Enable
                0x000007bc                TCPWM_Disable
                0x000007f4                TCPWM_Start
                0x0000082c                TCPWM_Stop
                0x00000864                TCPWM_GetCounter
                0x000008a0                TCPWM_SetCounter
                0x000008d8                TCPWM_ClearInterrupt
                0x0000091c                TCPWM_SetCompare
 .text          0x00000994      0x104 ./Device_Drivers/IRQ/irq_mgmt.o
                0x00000994                IRQ_EnableGlobal
                0x000009a0                IRQ_DisableGlobal
                0x000009ac                NVIC_SetPriority
                0x00000a0c                NVIC_ClearPendingIRQ
                0x00000a38                NVIC_EnableIRQ
                0x00000a64                NVIC_DisableIRQ
 .text          0x00000a98      0x1fc ./Device_Drivers/ADC/adc.o
                0x00000a98                ADC_Init
                0x00000b34                ADC_Read
                0x00000b80                ADC_StartConversion
                0x00000b94                ADC_ChannelConfig
                0x00000c34                ADC_ChannelEnable
                0x00000c64                ADC_ChannelDisable
 .text          0x00000c94       0xb0 ./Startup/startup.o
                0x00000c94                _init
                0x00000c9e                Reset_handler
                0x00000d34                tcpwm_interrupts_7_IRQHandler
                0x00000d34                pass_0_interrupt_sar_IRQHandler
                0x00000d34                SysTick_Handler
                0x00000d34                PendSV_Handler
                0x00000d34                NMI_Handler
                0x00000d34                ioss_interrupts_gpio_1_IRQHandler
                0x00000d34                cpuss_interrupt_dma_IRQHandler
                0x00000d34                scb_4_interrupt_IRQHandler
                0x00000d34                ioss_interrupts_gpio_2_IRQHandler
                0x00000d34                can_interrupt_can_IRQHandler
                0x00000d34                tcpwm_interrupts_4_IRQHandler
                0x00000d34                cpuss_interrupt_spcif_IRQHandler
                0x00000d34                scb_0_interrupt_IRQHandler
                0x00000d34                tcpwm_interrupts_3_IRQHandler
                0x00000d34                csd_interrupt_IRQHandler
                0x00000d34                tcpwm_interrupts_1_IRQHandler
                0x00000d34                lpcomp_interrupt_IRQHandler
                0x00000d34                crypto_interrupt_IRQHandler
                0x00000d34                tcpwm_interrupts_6_IRQHandler
                0x00000d34                ioss_interrupt_gpio_IRQHandler
                0x00000d34                scb_2_interrupt_IRQHandler
                0x00000d34                scb_1_interrupt_IRQHandler
                0x00000d34                Default_Handler
                0x00000d34                scb_3_interrupt_IRQHandler
                0x00000d34                ioss_interrupts_gpio_3_IRQHandler
                0x00000d34                ioss_interrupts_gpio_0_IRQHandler
                0x00000d34                tcpwm_interrupts_0_IRQHandler
                0x00000d34                SVC_Handler
                0x00000d34                tcpwm_interrupts_5_IRQHandler
                0x00000d34                srss_interrupt_wdt_IRQHandler
                0x00000d34                pass_0_interrupt_ctbs_IRQHandler
                0x00000d34                wco_interrupt_IRQHandler
                0x00000d3c                HRDFLT_Handler
                0x00000d3c                HardFault_Handler
 .text          0x00000d44      0x114 C:/IFX_EMBEDDED_SYSTEMS/softwares/Arm GNU Toolchain arm-none-eabi/13.2 Rel1/bin/../lib/gcc/arm-none-eabi/13.2.1/thumb/v6-m/nofp\libgcc.a(_udivsi3.o)
                0x00000d44                __aeabi_uidiv
                0x00000d44                __udivsi3
                0x00000e50                __aeabi_uidivmod
 .text          0x00000e58        0x4 C:/IFX_EMBEDDED_SYSTEMS/softwares/Arm GNU Toolchain arm-none-eabi/13.2 Rel1/bin/../lib/gcc/arm-none-eabi/13.2.1/thumb/v6-m/nofp\libgcc.a(_dvmd_tls.o)
                0x00000e58                __aeabi_idiv0
                0x00000e58                __aeabi_ldiv0
 .text.__libc_init_array
                0x00000e5c       0x48 C:/IFX_EMBEDDED_SYSTEMS/softwares/Arm GNU Toolchain arm-none-eabi/13.2 Rel1/bin/../lib/gcc/arm-none-eabi/13.2.1/thumb/v6-m/nofp\libc_nano.a(libc_a-init.o)
                0x00000e5c                __libc_init_array
 *(.init*)
 *(.fini*)
                0x00000ea4                        . = ALIGN (0x4)
 *(.rodata .rodata.*)
 .rodata        0x00000ea4       0x5c ./Application_Source/main.o
                0x00000ea4                LED_config
                0x00000eb0                tcpwm3_config
                0x00000ec0                GPIO_config
                0x00000ecc                tcpwm2_config
                0x00000edc                LED1_config
                0x00000ee8                GPIOIN1_config
                0x00000ef4                GPIOIN2_config
                0x00000f00                        . = ALIGN (0x4)
                0x00000f00                        __etext = .
                0x00000f00                        _la_data = LOADADDR (.data)

.glue_7         0x00000f00        0x0
 .glue_7        0x00000f00        0x0 linker stubs

.glue_7t        0x00000f00        0x0
 .glue_7t       0x00000f00        0x0 linker stubs

.vfp11_veneer   0x00000f00        0x0
 .vfp11_veneer  0x00000f00        0x0 linker stubs

.v4_bx          0x00000f00        0x0
 .v4_bx         0x00000f00        0x0 linker stubs

.iplt           0x00000f00        0x0
 .iplt          0x00000f00        0x0 ./Application_Source/main.o

.rel.dyn        0x00000f00        0x0
 .rel.iplt      0x00000f00        0x0 ./Application_Source/main.o

.data           0x20000000        0x0 load address 0x00000f00
                0x20000000                        __data_start = .
 *(.data*)
                0x20000000                        . = ALIGN (0x4)
                0x20000000                        __data_end = .

.igot.plt       0x20000000        0x0 load address 0x00000f00
 .igot.plt      0x20000000        0x0 ./Application_Source/main.o

.bss            0x20000000        0xc load address 0x00000f00
                0x20000000                        __bss_start__ = .
 *(.bss)
 .bss           0x20000000        0x9 ./Application_Source/main.o
                0x20000000                chanresult
                0x20000004                AvgValue
                0x20000008                count
 *(.bss.*)
 *(COMMON)
                0x2000000c                        . = ALIGN (0x4)
 *fill*         0x20000009        0x3 
                0x2000000c                        __bss_end__ = .
                0x2000000c                        . = ALIGN (0x4)
                0x2000000c                        end = .
                0x2000000c                        __end__ = .

Heap            0x2000000c     0x2df4 load address 0x00000f00
                0x20002e00                        . = ABSOLUTE (__HEAP_START)
 *fill*         0x2000000c     0x2df4 
 *(.heap)
                0x20002e00                        . = ALIGN (0x4)

Stack           0x20002e00      0x200 load address 0x00000f00
                0x20003000                        . = ABSOLUTE (__STACK_END)
 *fill*         0x20002e00      0x200 
 *(.stack)
OUTPUT(bin/BareMetal.elf elf32-littlearm)
LOAD linker stubs

.debug_info     0x00000000     0x1980
 .debug_info    0x00000000      0x451 ./Application_Source/main.o
 .debug_info    0x00000451      0x4fb ./Device_Drivers/GPIO/gpio.o
 .debug_info    0x0000094c      0x2d1 ./Device_Drivers/CLOCK/peri_clock.o
 .debug_info    0x00000c1d      0x42a ./Device_Drivers/TIMER/tcpwm.o
 .debug_info    0x00001047      0x233 ./Device_Drivers/IRQ/irq_mgmt.o
 .debug_info    0x0000127a      0x567 ./Device_Drivers/ADC/adc.o
 .debug_info    0x000017e1      0x19f ./Startup/startup.o

.debug_abbrev   0x00000000      0x7f5
 .debug_abbrev  0x00000000      0x16b ./Application_Source/main.o
 .debug_abbrev  0x0000016b      0x13c ./Device_Drivers/GPIO/gpio.o
 .debug_abbrev  0x000002a7       0xe0 ./Device_Drivers/CLOCK/peri_clock.o
 .debug_abbrev  0x00000387      0x134 ./Device_Drivers/TIMER/tcpwm.o
 .debug_abbrev  0x000004bb       0xfa ./Device_Drivers/IRQ/irq_mgmt.o
 .debug_abbrev  0x000005b5      0x127 ./Device_Drivers/ADC/adc.o
 .debug_abbrev  0x000006dc      0x119 ./Startup/startup.o

.debug_aranges  0x00000000       0xe0
 .debug_aranges
                0x00000000       0x20 ./Application_Source/main.o
 .debug_aranges
                0x00000020       0x20 ./Device_Drivers/GPIO/gpio.o
 .debug_aranges
                0x00000040       0x20 ./Device_Drivers/CLOCK/peri_clock.o
 .debug_aranges
                0x00000060       0x20 ./Device_Drivers/TIMER/tcpwm.o
 .debug_aranges
                0x00000080       0x20 ./Device_Drivers/IRQ/irq_mgmt.o
 .debug_aranges
                0x000000a0       0x20 ./Device_Drivers/ADC/adc.o
 .debug_aranges
                0x000000c0       0x20 ./Startup/startup.o

.debug_line     0x00000000      0xf1e
 .debug_line    0x00000000      0x2ff ./Application_Source/main.o
 .debug_line    0x000002ff      0x25e ./Device_Drivers/GPIO/gpio.o
 .debug_line    0x0000055d      0x1b2 ./Device_Drivers/CLOCK/peri_clock.o
 .debug_line    0x0000070f      0x27b ./Device_Drivers/TIMER/tcpwm.o
 .debug_line    0x0000098a      0x1dc ./Device_Drivers/IRQ/irq_mgmt.o
 .debug_line    0x00000b66      0x212 ./Device_Drivers/ADC/adc.o
 .debug_line    0x00000d78      0x1a6 ./Startup/startup.o

.debug_str      0x00000000      0xa6f
 .debug_str     0x00000000      0xa6f ./Application_Source/main.o
                                0x3ff (size before relaxing)
 .debug_str     0x00000a6f      0x2dc ./Device_Drivers/GPIO/gpio.o
 .debug_str     0x00000a6f      0x28a ./Device_Drivers/CLOCK/peri_clock.o
 .debug_str     0x00000a6f      0x2ec ./Device_Drivers/TIMER/tcpwm.o
 .debug_str     0x00000a6f      0x239 ./Device_Drivers/IRQ/irq_mgmt.o
 .debug_str     0x00000a6f      0x4d6 ./Device_Drivers/ADC/adc.o
 .debug_str     0x00000a6f      0x1f2 ./Startup/startup.o

.comment        0x00000000       0x44
 .comment       0x00000000       0x44 ./Application_Source/main.o
                                 0x45 (size before relaxing)
 .comment       0x00000044       0x45 ./Device_Drivers/GPIO/gpio.o
 .comment       0x00000044       0x45 ./Device_Drivers/CLOCK/peri_clock.o
 .comment       0x00000044       0x45 ./Device_Drivers/TIMER/tcpwm.o
 .comment       0x00000044       0x45 ./Device_Drivers/IRQ/irq_mgmt.o
 .comment       0x00000044       0x45 ./Device_Drivers/ADC/adc.o
 .comment       0x00000044       0x45 ./Startup/startup.o

.ARM.attributes
                0x00000000       0x2c
 .ARM.attributes
                0x00000000       0x2c ./Application_Source/main.o
 .ARM.attributes
                0x0000002c       0x2c ./Device_Drivers/GPIO/gpio.o
 .ARM.attributes
                0x00000058       0x2c ./Device_Drivers/CLOCK/peri_clock.o
 .ARM.attributes
                0x00000084       0x2c ./Device_Drivers/TIMER/tcpwm.o
 .ARM.attributes
                0x000000b0       0x2c ./Device_Drivers/IRQ/irq_mgmt.o
 .ARM.attributes
                0x000000dc       0x2c ./Device_Drivers/ADC/adc.o
 .ARM.attributes
                0x00000108       0x2c ./Startup/startup.o
 .ARM.attributes
                0x00000134       0x1e C:/IFX_EMBEDDED_SYSTEMS/softwares/Arm GNU Toolchain arm-none-eabi/13.2 Rel1/bin/../lib/gcc/arm-none-eabi/13.2.1/thumb/v6-m/nofp\libgcc.a(_udivsi3.o)
 .ARM.attributes
                0x00000152       0x1e C:/IFX_EMBEDDED_SYSTEMS/softwares/Arm GNU Toolchain arm-none-eabi/13.2 Rel1/bin/../lib/gcc/arm-none-eabi/13.2.1/thumb/v6-m/nofp\libgcc.a(_dvmd_tls.o)
 .ARM.attributes
                0x00000170       0x2c C:/IFX_EMBEDDED_SYSTEMS/softwares/Arm GNU Toolchain arm-none-eabi/13.2 Rel1/bin/../lib/gcc/arm-none-eabi/13.2.1/thumb/v6-m/nofp\libc_nano.a(libc_a-init.o)

.debug_frame    0x00000000      0x5e0
 .debug_frame   0x00000000       0x84 ./Application_Source/main.o
 .debug_frame   0x00000084      0x130 ./Device_Drivers/GPIO/gpio.o
 .debug_frame   0x000001b4       0x90 ./Device_Drivers/CLOCK/peri_clock.o
 .debug_frame   0x00000244      0x130 ./Device_Drivers/TIMER/tcpwm.o
 .debug_frame   0x00000374       0xc8 ./Device_Drivers/IRQ/irq_mgmt.o
 .debug_frame   0x0000043c       0xd4 ./Device_Drivers/ADC/adc.o
 .debug_frame   0x00000510       0x84 ./Startup/startup.o
 .debug_frame   0x00000594       0x20 C:/IFX_EMBEDDED_SYSTEMS/softwares/Arm GNU Toolchain arm-none-eabi/13.2 Rel1/bin/../lib/gcc/arm-none-eabi/13.2.1/thumb/v6-m/nofp\libgcc.a(_udivsi3.o)
 .debug_frame   0x000005b4       0x2c C:/IFX_EMBEDDED_SYSTEMS/softwares/Arm GNU Toolchain arm-none-eabi/13.2 Rel1/bin/../lib/gcc/arm-none-eabi/13.2.1/thumb/v6-m/nofp\libc_nano.a(libc_a-init.o)

.debug_line_str
                0x00000000       0xc9
 .debug_line_str
                0x00000000       0xc9 C:/IFX_EMBEDDED_SYSTEMS/softwares/Arm GNU Toolchain arm-none-eabi/13.2 Rel1/bin/../lib/gcc/arm-none-eabi/13.2.1/thumb/v6-m/nofp\libgcc.a(_udivsi3.o)
 .debug_line_str
                0x000000c9       0xc9 C:/IFX_EMBEDDED_SYSTEMS/softwares/Arm GNU Toolchain arm-none-eabi/13.2 Rel1/bin/../lib/gcc/arm-none-eabi/13.2.1/thumb/v6-m/nofp\libgcc.a(_dvmd_tls.o)
